Archive member included to satisfy reference by file (symbol)

c:/st/stm32cubeide_1.5.0/stm32cubeide/plugins/com.st.stm32cube.ide.mcu.externaltools.gnu-tools-for-stm32.7-2018-q2-update.win32_1.5.0.202011040924/tools/bin/../lib/gcc/arm-none-eabi/7.3.1/../../../../arm-none-eabi/lib/thumb/v7e-m/fpv4-sp/hard\libc_nano.a(lib_a-errno.o)
                              Core/Src/syscalls.o (__errno)
c:/st/stm32cubeide_1.5.0/stm32cubeide/plugins/com.st.stm32cube.ide.mcu.externaltools.gnu-tools-for-stm32.7-2018-q2-update.win32_1.5.0.202011040924/tools/bin/../lib/gcc/arm-none-eabi/7.3.1/../../../../arm-none-eabi/lib/thumb/v7e-m/fpv4-sp/hard\libc_nano.a(lib_a-exit.o)
                              c:/st/stm32cubeide_1.5.0/stm32cubeide/plugins/com.st.stm32cube.ide.mcu.externaltools.gnu-tools-for-stm32.7-2018-q2-update.win32_1.5.0.202011040924/tools/bin/../lib/gcc/arm-none-eabi/7.3.1/../../../../arm-none-eabi/lib/thumb/v7e-m/fpv4-sp/hard/crt0.o (exit)
c:/st/stm32cubeide_1.5.0/stm32cubeide/plugins/com.st.stm32cube.ide.mcu.externaltools.gnu-tools-for-stm32.7-2018-q2-update.win32_1.5.0.202011040924/tools/bin/../lib/gcc/arm-none-eabi/7.3.1/../../../../arm-none-eabi/lib/thumb/v7e-m/fpv4-sp/hard\libc_nano.a(lib_a-impure.o)
                              c:/st/stm32cubeide_1.5.0/stm32cubeide/plugins/com.st.stm32cube.ide.mcu.externaltools.gnu-tools-for-stm32.7-2018-q2-update.win32_1.5.0.202011040924/tools/bin/../lib/gcc/arm-none-eabi/7.3.1/../../../../arm-none-eabi/lib/thumb/v7e-m/fpv4-sp/hard\libc_nano.a(lib_a-exit.o) (_global_impure_ptr)
c:/st/stm32cubeide_1.5.0/stm32cubeide/plugins/com.st.stm32cube.ide.mcu.externaltools.gnu-tools-for-stm32.7-2018-q2-update.win32_1.5.0.202011040924/tools/bin/../lib/gcc/arm-none-eabi/7.3.1/../../../../arm-none-eabi/lib/thumb/v7e-m/fpv4-sp/hard\libc_nano.a(lib_a-init.o)
                              c:/st/stm32cubeide_1.5.0/stm32cubeide/plugins/com.st.stm32cube.ide.mcu.externaltools.gnu-tools-for-stm32.7-2018-q2-update.win32_1.5.0.202011040924/tools/bin/../lib/gcc/arm-none-eabi/7.3.1/../../../../arm-none-eabi/lib/thumb/v7e-m/fpv4-sp/hard/crt0.o (__libc_init_array)
c:/st/stm32cubeide_1.5.0/stm32cubeide/plugins/com.st.stm32cube.ide.mcu.externaltools.gnu-tools-for-stm32.7-2018-q2-update.win32_1.5.0.202011040924/tools/bin/../lib/gcc/arm-none-eabi/7.3.1/../../../../arm-none-eabi/lib/thumb/v7e-m/fpv4-sp/hard\libc_nano.a(lib_a-malloc.o)
                              Middlewares/ST/STM32_USB_Host_Library/Class/MSC/Src/usbh_msc.o (malloc)
c:/st/stm32cubeide_1.5.0/stm32cubeide/plugins/com.st.stm32cube.ide.mcu.externaltools.gnu-tools-for-stm32.7-2018-q2-update.win32_1.5.0.202011040924/tools/bin/../lib/gcc/arm-none-eabi/7.3.1/../../../../arm-none-eabi/lib/thumb/v7e-m/fpv4-sp/hard\libc_nano.a(lib_a-memcpy-stub.o)
                              Middlewares/ST/STM32_USB_Host_Library/Class/MSC/Src/usbh_msc.o (memcpy)
c:/st/stm32cubeide_1.5.0/stm32cubeide/plugins/com.st.stm32cube.ide.mcu.externaltools.gnu-tools-for-stm32.7-2018-q2-update.win32_1.5.0.202011040924/tools/bin/../lib/gcc/arm-none-eabi/7.3.1/../../../../arm-none-eabi/lib/thumb/v7e-m/fpv4-sp/hard\libc_nano.a(lib_a-memset.o)
                              c:/st/stm32cubeide_1.5.0/stm32cubeide/plugins/com.st.stm32cube.ide.mcu.externaltools.gnu-tools-for-stm32.7-2018-q2-update.win32_1.5.0.202011040924/tools/bin/../lib/gcc/arm-none-eabi/7.3.1/../../../../arm-none-eabi/lib/thumb/v7e-m/fpv4-sp/hard/crt0.o (memset)
c:/st/stm32cubeide_1.5.0/stm32cubeide/plugins/com.st.stm32cube.ide.mcu.externaltools.gnu-tools-for-stm32.7-2018-q2-update.win32_1.5.0.202011040924/tools/bin/../lib/gcc/arm-none-eabi/7.3.1/../../../../arm-none-eabi/lib/thumb/v7e-m/fpv4-sp/hard\libc_nano.a(lib_a-nano-freer.o)
                              c:/st/stm32cubeide_1.5.0/stm32cubeide/plugins/com.st.stm32cube.ide.mcu.externaltools.gnu-tools-for-stm32.7-2018-q2-update.win32_1.5.0.202011040924/tools/bin/../lib/gcc/arm-none-eabi/7.3.1/../../../../arm-none-eabi/lib/thumb/v7e-m/fpv4-sp/hard\libc_nano.a(lib_a-malloc.o) (_free_r)
c:/st/stm32cubeide_1.5.0/stm32cubeide/plugins/com.st.stm32cube.ide.mcu.externaltools.gnu-tools-for-stm32.7-2018-q2-update.win32_1.5.0.202011040924/tools/bin/../lib/gcc/arm-none-eabi/7.3.1/../../../../arm-none-eabi/lib/thumb/v7e-m/fpv4-sp/hard\libc_nano.a(lib_a-nano-mallocr.o)
                              c:/st/stm32cubeide_1.5.0/stm32cubeide/plugins/com.st.stm32cube.ide.mcu.externaltools.gnu-tools-for-stm32.7-2018-q2-update.win32_1.5.0.202011040924/tools/bin/../lib/gcc/arm-none-eabi/7.3.1/../../../../arm-none-eabi/lib/thumb/v7e-m/fpv4-sp/hard\libc_nano.a(lib_a-malloc.o) (_malloc_r)
c:/st/stm32cubeide_1.5.0/stm32cubeide/plugins/com.st.stm32cube.ide.mcu.externaltools.gnu-tools-for-stm32.7-2018-q2-update.win32_1.5.0.202011040924/tools/bin/../lib/gcc/arm-none-eabi/7.3.1/../../../../arm-none-eabi/lib/thumb/v7e-m/fpv4-sp/hard\libc_nano.a(lib_a-sbrkr.o)
[...]
Memory Configuration

Name             Origin             Length             Attributes
CCMRAM           0x0000000010000000 0x0000000000010000 xrw
RAM              0x0000000020000000 0x0000000000020000 xrw
FLASH            0x0000000008000000 0x0000000000100000 xr
*default*        0x0000000000000000 0xffffffffffffffff

Linker script and memory map

LOAD c:/st/stm32cubeide_1.5.0/stm32cubeide/plugins/com.st.stm32cube.ide.mcu.externaltools.gnu-tools-for-stm32.7-2018-q2-update.win32_1.5.0.202011040924/tools/bin/../lib/gcc/arm-none-eabi/7.3.1/thumb/v7e-m/fpv4-sp/hard/crti.o
LOAD c:/st/stm32cubeide_1.5.0/stm32cubeide/plugins/com.st.stm32cube.ide.mcu.externaltools.gnu-tools-for-stm32.7-2018-q2-update.win32_1.5.0.202011040924/tools/bin/../lib/gcc/arm-none-eabi/7.3.1/thumb/v7e-m/fpv4-sp/hard/crtbegin.o
LOAD c:/st/stm32cubeide_1.5.0/stm32cubeide/plugins/com.st.stm32cube.ide.mcu.externaltools.gnu-tools-for-stm32.7-2018-q2-update.win32_1.5.0.202011040924/tools/bin/../lib/gcc/arm-none-eabi/7.3.1/../../../../arm-none-eabi/lib/thumb/v7e-m/fpv4-sp/hard/crt0.o
LOAD Core/Src/jhd12864e.o
LOAD Core/Src/main.o
LOAD Core/Src/pca9698.o
LOAD Core/Src/stm32f4xx_hal_msp.o
LOAD Core/Src/stm32f4xx_it.o
LOAD Core/Src/syscalls.o
LOAD Core/Src/sysmem.o
LOAD Core/Src/system_stm32f4xx.o
LOAD Core/Src/usb_FH.o
LOAD Core/Startup/startup_stm32f407vgtx.o
LOAD Drivers/STM32F4xx_HAL_Driver/Src/stm32f4xx_hal.o
LOAD Drivers/STM32F4xx_HAL_Driver/Src/stm32f4xx_hal_cortex.o
LOAD Drivers/STM32F4xx_HAL_Driver/Src/stm32f4xx_hal_dma.o
LOAD Drivers/STM32F4xx_HAL_Driver/Src/stm32f4xx_hal_dma_ex.o
LOAD Drivers/STM32F4xx_HAL_Driver/Src/stm32f4xx_hal_exti.o
LOAD Drivers/STM32F4xx_HAL_Driver/Src/stm32f4xx_hal_flash.o
LOAD Drivers/STM32F4xx_HAL_Driver/Src/stm32f4xx_hal_flash_ex.o
LOAD Drivers/STM32F4xx_HAL_Driver/Src/stm32f4xx_hal_flash_ramfunc.o
LOAD Drivers/STM32F4xx_HAL_Driver/Src/stm32f4xx_hal_gpio.o
LOAD Drivers/STM32F4xx_HAL_Driver/Src/stm32f4xx_hal_hcd.o
LOAD Drivers/STM32F4xx_HAL_Driver/Src/stm32f4xx_hal_i2c.o
LOAD Drivers/STM32F4xx_HAL_Driver/Src/stm32f4xx_hal_i2c_ex.o
LOAD Drivers/STM32F4xx_HAL_Driver/Src/stm32f4xx_hal_pwr.o
LOAD Drivers/STM32F4xx_HAL_Driver/Src/stm32f4xx_hal_pwr_ex.o
LOAD Drivers/STM32F4xx_HAL_Driver/Src/stm32f4xx_hal_rcc.o
LOAD Drivers/STM32F4xx_HAL_Driver/Src/stm32f4xx_hal_rcc_ex.o
LOAD Drivers/STM32F4xx_HAL_Driver/Src/stm32f4xx_hal_tim.o
LOAD Drivers/STM32F4xx_HAL_Driver/Src/stm32f4xx_hal_tim_ex.o
LOAD Drivers/STM32F4xx_HAL_Driver/Src/stm32f4xx_ll_usb.o
LOAD FATFS/App/fatfs.o
LOAD FATFS/Target/usbh_diskio.o
LOAD Middlewares/ST/STM32_USB_Host_Library/Class/MSC/Src/usbh_msc.o
LOAD Middlewares/ST/STM32_USB_Host_Library/Class/MSC/Src/usbh_msc_bot.o
LOAD Middlewares/ST/STM32_USB_Host_Library/Class/MSC/Src/usbh_msc_scsi.o
LOAD Middlewares/ST/STM32_USB_Host_Library/Core/Src/usbh_core.o
LOAD Middlewares/ST/STM32_USB_Host_Library/Core/Src/usbh_ctlreq.o
LOAD Middlewares/ST/STM32_USB_Host_Library/Core/Src/usbh_ioreq.o
LOAD Middlewares/ST/STM32_USB_Host_Library/Core/Src/usbh_pipes.o
LOAD Middlewares/Third_Party/FatFs/src/diskio.o
LOAD Middlewares/Third_Party/FatFs/src/ff.o
LOAD Middlewares/Third_Party/FatFs/src/ff_gen_drv.o
LOAD Middlewares/Third_Party/FatFs/src/option/ccsbcs.o
LOAD Middlewares/Third_Party/FatFs/src/option/syscall.o
LOAD USB_HOST/App/usb_host.o
LOAD USB_HOST/Target/usbh_conf.o
LOAD USB_HOST/Target/usbh_platform.o
START GROUP
LOAD c:/st/stm32cubeide_1.5.0/stm32cubeide/plugins/com.st.stm32cube.ide.mcu.externaltools.gnu-tools-for-stm32.7-2018-q2-update.win32_1.5.0.202011040924/tools/bin/../lib/gcc/arm-none-eabi/7.3.1/../../../../arm-none-eabi/lib/thumb/v7e-m/fpv4-sp/hard\libc_nano.a
LOAD c:/st/stm32cubeide_1.5.0/stm32cubeide/plugins/com.st.stm32cube.ide.mcu.externaltools.gnu-tools-for-stm32.7-2018-q2-update.win32_1.5.0.202011040924/tools/bin/../lib/gcc/arm-none-eabi/7.3.1/../../../../arm-none-eabi/lib/thumb/v7e-m/fpv4-sp/hard\libm.a
END GROUP
START GROUP
LOAD c:/st/stm32cubeide_1.5.0/stm32cubeide/plugins/com.st.stm32cube.ide.mcu.externaltools.gnu-tools-for-stm32.7-2018-q2-update.win32_1.5.0.202011040924/tools/bin/../lib/gcc/arm-none-eabi/7.3.1/thumb/v7e-m/fpv4-sp/hard\libgcc.a
LOAD c:/st/stm32cubeide_1.5.0/stm32cubeide/plugins/com.st.stm32cube.ide.mcu.externaltools.gnu-tools-for-stm32.7-2018-q2-update.win32_1.5.0.202011040924/tools/bin/../lib/gcc/arm-none-eabi/7.3.1/../../../../arm-none-eabi/lib/thumb/v7e-m/fpv4-sp/hard\libc_nano.a
END GROUP
START GROUP
LOAD c:/st/stm32cubeide_1.5.0/stm32cubeide/plugins/com.st.stm32cube.ide.mcu.externaltools.gnu-tools-for-stm32.7-2018-q2-update.win32_1.5.0.202011040924/tools/bin/../lib/gcc/arm-none-eabi/7.3.1/thumb/v7e-m/fpv4-sp/hard\libgcc.a
LOAD c:/st/stm32cubeide_1.5.0/stm32cubeide/plugins/com.st.stm32cube.ide.mcu.externaltools.gnu-tools-for-stm32.7-2018-q2-update.win32_1.5.0.202011040924/tools/bin/../lib/gcc/arm-none-eabi/7.3.1/../../../../arm-none-eabi/lib/thumb/v7e-m/fpv4-sp/hard\libc_nano.a
LOAD c:/st/stm32cubeide_1.5.0/stm32cubeide/plugins/com.st.stm32cube.ide.mcu.externaltools.gnu-tools-for-stm32.7-2018-q2-update.win32_1.5.0.202011040924/tools/bin/../lib/gcc/arm-none-eabi/7.3.1/../../../../arm-none-eabi/lib/thumb/v7e-m/fpv4-sp/hard\libnosys.a
END GROUP
START GROUP
LOAD c:/st/stm32cubeide_1.5.0/stm32cubeide/plugins/com.st.stm32cube.ide.mcu.externaltools.gnu-tools-for-stm32.7-2018-q2-update.win32_1.5.0.202011040924/tools/bin/../lib/gcc/arm-none-eabi/7.3.1/thumb/v7e-m/fpv4-sp/hard\libgcc.a
LOAD c:/st/stm32cubeide_1.5.0/stm32cubeide/plugins/com.st.stm32cube.ide.mcu.externaltools.gnu-tools-for-stm32.7-2018-q2-update.win32_1.5.0.202011040924/tools/bin/../lib/gcc/arm-none-eabi/7.3.1/../../../../arm-none-eabi/lib/thumb/v7e-m/fpv4-sp/hard\libc_nano.a
LOAD c:/st/stm32cubeide_1.5.0/stm32cubeide/plugins/com.st.stm32cube.ide.mcu.externaltools.gnu-tools-for-stm32.7-2018-q2-update.win32_1.5.0.202011040924/tools/bin/../lib/gcc/arm-none-eabi/7.3.1/../../../../arm-none-eabi/lib/thumb/v7e-m/fpv4-sp/hard\libnosys.a
END GROUP
LOAD c:/st/stm32cubeide_1.5.0/stm32cubeide/plugins/com.st.stm32cube.ide.mcu.externaltools.gnu-tools-for-stm32.7-2018-q2-update.win32_1.5.0.202011040924/tools/bin/../lib/gcc/arm-none-eabi/7.3.1/thumb/v7e-m/fpv4-sp/hard/crtend.o
LOAD c:/st/stm32cubeide_1.5.0/stm32cubeide/plugins/com.st.stm32cube.ide.mcu.externaltools.gnu-tools-for-stm32.7-2018-q2-update.win32_1.5.0.202011040924/tools/bin/../lib/gcc/arm-none-eabi/7.3.1/thumb/v7e-m/fpv4-sp/hard/crtn.o
                0x0000000020020000                _estack = (ORIGIN (RAM) + LENGTH (RAM))
                0x0000000000000200                _Min_Heap_Size = 0x200
                0x0000000000000400                _Min_Stack_Size = 0x400

.isr_vector     0x0000000008000000      0x188
                0x0000000008000000                . = ALIGN (0x4)
 *(.isr_vector)
 .isr_vector    0x0000000008000000      0x188 Core/Startup/startup_stm32f407vgtx.o
                0x0000000008000000                g_pfnVectors
                0x0000000008000188                . = ALIGN (0x4)

.text           0x0000000008000188     0xf5a8
                0x0000000008000188                . = ALIGN (0x4)
 *(.text)
 .text          0x0000000008000188       0x40 c:/st/stm32cubeide_1.5.0/stm32cubeide/plugins/com.st.stm32cube.ide.mcu.externaltools.gnu-tools-for-stm32.7-2018-q2-update.win32_1.5.0.202011040924/tools/bin/../lib/gcc/arm-none-eabi/7.3.1/thumb/v7e-m/fpv4-sp/hard/crtbegin.o
 .text          0x00000000080001c8       0x10 c:/st/stm32cubeide_1.5.0/stm32cubeide/plugins/com.st.stm32cube.ide.mcu.externaltools.gnu-tools-for-stm32.7-2018-q2-update.win32_1.5.0.202011040924/tools/bin/../lib/gcc/arm-none-eabi/7.3.1/../../../../arm-none-eabi/lib/thumb/v7e-m/fpv4-sp/hard\libc_nano.a(lib_a-strlen.o)
                0x00000000080001c8                strlen
 .text          0x00000000080001d8       0x30 c:/st/stm32cubeide_1.5.0/stm32cubeide/plugins/com.st.stm32cube.ide.mcu.externaltools.gnu-tools-for-stm32.7-2018-q2-update.win32_1.5.0.202011040924/tools/bin/../lib/gcc/arm-none-eabi/7.3.1/thumb/v7e-m/fpv4-sp/hard\libgcc.a(_aeabi_uldivmod.o)
                0x00000000080001d8                __aeabi_uldivmod
 .text          0x0000000008000208      0x2cc c:/st/stm32cubeide_1.5.0/stm32cubeide/plugins/com.st.stm32cube.ide.mcu.externaltools.gnu-tools-for-stm32.7-2018-q2-update.win32_1.5.0.202011040924/tools/bin/../lib/gcc/arm-none-eabi/7.3.1/thumb/v7e-m/fpv4-sp/hard\libgcc.a(_udivmoddi4.o)
                0x0000000008000208                __udivmoddi4
 .text          0x00000000080004d4        0x4 c:/st/stm32cubeide_1.5.0/stm32cubeide/plugins/com.st.stm32cube.ide.mcu.externaltools.gnu-tools-for-stm32.7-2018-q2-update.win32_1.5.0.202011040924/tools/bin/../lib/gcc/arm-none-eabi/7.3.1/thumb/v7e-m/fpv4-sp/hard\libgcc.a(_dvmd_tls.o)
                0x00000000080004d4                __aeabi_idiv0
                0x00000000080004d4                __aeabi_ldiv0
 *(.text*)
 .text.GLCD_Init
                0x00000000080004d8       0x68 Core/Src/jhd12864e.o
                0x00000000080004d8                GLCD_Init
 .text.GLCD_Initialize_handle
                0x0000000008000540       0x30 Core/Src/jhd12864e.o
 .text.GLCD_segmentSelect
                0x0000000008000570       0x68 Core/Src/jhd12864e.o
 .text.GLCD_segmentToggle
                0x00000000080005d8       0x2c Core/Src/jhd12864e.o
 .text.GLCD_writeDataLine
                0x0000000008000604       0x68 Core/Src/jhd12864e.o
 .text.config_GLCD
                0x000000000800066c       0x50 Core/Src/jhd12864e.o
 .text.delay_us
                0x00000000080006bc       0x30 Core/Src/jhd12864e.o
 .text.GLCD_Clear_All
                0x00000000080006ec       0x84 Core/Src/jhd12864e.o
                0x00000000080006ec                GLCD_Clear_All
 .text.GLCD_printLine
                0x0000000008000770      0x128 Core/Src/jhd12864e.o
                0x0000000008000770                GLCD_printLine
 .text.GLCD_Cursor_update
                0x0000000008000898       0xcc Core/Src/jhd12864e.o
                0x0000000008000898                GLCD_Cursor_update
 .text.main     0x0000000008000964       0xf4 Core/Src/main.o
                0x0000000008000964                main
 .text.SystemClock_Config
                0x0000000008000a58       0xd0 Core/Src/main.o
                0x0000000008000a58                SystemClock_Config
 .text.MX_I2C2_Init
                0x0000000008000b28       0x60 Core/Src/main.o
 .text.MX_I2C3_Init
                0x0000000008000b88       0x60 Core/Src/main.o
 .text.MX_TIM1_Init
                0x0000000008000be8       0xa0 Core/Src/main.o
 .text.MX_GPIO_Init
                0x0000000008000c88      0x194 Core/Src/main.o
 .text.HAL_GPIO_EXTI_Callback
                0x0000000008000e1c       0x40 Core/Src/main.o
                0x0000000008000e1c                HAL_GPIO_EXTI_Callback
 .text.Error_Handler
                0x0000000008000e5c        0x8 Core/Src/main.o
                0x0000000008000e5c                Error_Handler
 .text.HAL_I2C_MasterTxCpltCallback
                0x0000000008000e64       0xa4 Core/Src/pca9698.o
                0x0000000008000e64                HAL_I2C_MasterTxCpltCallback
 .text.HAL_MspInit
                0x0000000008000f08       0x50 Core/Src/stm32f4xx_hal_msp.o
                0x0000000008000f08                HAL_MspInit
 .text.HAL_I2C_MspInit
                0x0000000008000f58      0x170 Core/Src/stm32f4xx_hal_msp.o
                0x0000000008000f58                HAL_I2C_MspInit
 .text.HAL_TIM_Base_MspInit
                0x00000000080010c8       0x44 Core/Src/stm32f4xx_hal_msp.o
                0x00000000080010c8                HAL_TIM_Base_MspInit
 .text.NMI_Handler
                0x000000000800110c        0x6 Core/Src/stm32f4xx_it.o
                0x000000000800110c                NMI_Handler
 .text.HardFault_Handler
                0x0000000008001112        0x6 Core/Src/stm32f4xx_it.o
                0x0000000008001112                HardFault_Handler
 .text.MemManage_Handler
                0x0000000008001118        0x6 Core/Src/stm32f4xx_it.o
                0x0000000008001118                MemManage_Handler
 .text.BusFault_Handler
                0x000000000800111e        0x6 Core/Src/stm32f4xx_it.o
                0x000000000800111e                BusFault_Handler
 .text.UsageFault_Handler
                0x0000000008001124        0x6 Core/Src/stm32f4xx_it.o
                0x0000000008001124                UsageFault_Handler
 .text.SVC_Handler
                0x000000000800112a        0xe Core/Src/stm32f4xx_it.o
                0x000000000800112a                SVC_Handler
 .text.DebugMon_Handler
                0x0000000008001138        0xe Core/Src/stm32f4xx_it.o
                0x0000000008001138                DebugMon_Handler
 .text.PendSV_Handler
                0x0000000008001146        0xe Core/Src/stm32f4xx_it.o
                0x0000000008001146                PendSV_Handler
 .text.SysTick_Handler
                0x0000000008001154        0xc Core/Src/stm32f4xx_it.o
                0x0000000008001154                SysTick_Handler
 .text.EXTI0_IRQHandler
                0x0000000008001160        0xe Core/Src/stm32f4xx_it.o
                0x0000000008001160                EXTI0_IRQHandler
 .text.EXTI1_IRQHandler
                0x000000000800116e        0xe Core/Src/stm32f4xx_it.o
                0x000000000800116e                EXTI1_IRQHandler
 .text.EXTI2_IRQHandler
                0x000000000800117c        0xe Core/Src/stm32f4xx_it.o
                0x000000000800117c                EXTI2_IRQHandler
 .text.EXTI3_IRQHandler
                0x000000000800118a        0xe Core/Src/stm32f4xx_it.o
                0x000000000800118a                EXTI3_IRQHandler
 .text.I2C2_EV_IRQHandler
                0x0000000008001198       0x14 Core/Src/stm32f4xx_it.o
                0x0000000008001198                I2C2_EV_IRQHandler
 .text.OTG_FS_IRQHandler
                0x00000000080011ac       0x14 Core/Src/stm32f4xx_it.o
                0x00000000080011ac                OTG_FS_IRQHandler
 .text.I2C3_EV_IRQHandler
                0x00000000080011c0       0x14 Core/Src/stm32f4xx_it.o
                0x00000000080011c0                I2C3_EV_IRQHandler
 .text.I2C3_ER_IRQHandler
                0x00000000080011d4       0x14 Core/Src/stm32f4xx_it.o
                0x00000000080011d4                I2C3_ER_IRQHandler
 .text._sbrk    0x00000000080011e8       0x6c Core/Src/sysmem.o
                0x00000000080011e8                _sbrk
 .text.SystemInit
                0x0000000008001254       0x2c Core/Src/system_stm32f4xx.o
                0x0000000008001254                SystemInit
 .text.Mount_USB
                0x0000000008001280       0x4c Core/Src/usb_FH.o
                0x0000000008001280                Mount_USB
 .text.Unmount_USB
                0x00000000080012cc       0x48 Core/Src/usb_FH.o
                0x00000000080012cc                Unmount_USB
 .text.getfilename
                0x0000000008001314       0x68 Core/Src/usb_FH.o
                0x0000000008001314                getfilename
 .text.Scan_USB
                0x000000000800137c       0xf0 Core/Src/usb_FH.o
                0x000000000800137c                Scan_USB
 .text.Open_File
                0x000000000800146c       0x78 Core/Src/usb_FH.o
                0x000000000800146c                Open_File
 .text.Read_File
                0x00000000080014e4       0x64 Core/Src/usb_FH.o
                0x00000000080014e4                Read_File
 .text.Lseek_File
                0x0000000008001548       0x4c Core/Src/usb_FH.o
                0x0000000008001548                Lseek_File
 .text.Reset_Handler
                0x0000000008001594       0x50 Core/Startup/startup_stm32f407vgtx.o
                0x0000000008001594                Reset_Handler
 .text.Default_Handler
                0x00000000080015e4        0x2 Core/Startup/startup_stm32f407vgtx.o
                0x00000000080015e4                RTC_Alarm_IRQHandler
                0x00000000080015e4                HASH_RNG_IRQHandler
                0x00000000080015e4                TIM8_CC_IRQHandler
                0x00000000080015e4                TIM1_CC_IRQHandler
                0x00000000080015e4                DMA2_Stream5_IRQHandler
                0x00000000080015e4                DMA1_Stream5_IRQHandler
                0x00000000080015e4                PVD_IRQHandler
                0x00000000080015e4                SDIO_IRQHandler
                0x00000000080015e4                TAMP_STAMP_IRQHandler
                0x00000000080015e4                CAN2_RX1_IRQHandler
                0x00000000080015e4                TIM8_TRG_COM_TIM14_IRQHandler
                0x00000000080015e4                TIM1_UP_TIM10_IRQHandler
                0x00000000080015e4                TIM8_UP_TIM13_IRQHandler
                0x00000000080015e4                DMA1_Stream2_IRQHandler
                0x00000000080015e4                CAN1_RX0_IRQHandler
                0x00000000080015e4                FPU_IRQHandler
                0x00000000080015e4                OTG_HS_WKUP_IRQHandler
                0x00000000080015e4                CAN2_SCE_IRQHandler
                0x00000000080015e4                DMA2_Stream2_IRQHandler
                0x00000000080015e4                SPI1_IRQHandler
                0x00000000080015e4                TIM6_DAC_IRQHandler
                0x00000000080015e4                TIM1_BRK_TIM9_IRQHandler
                0x00000000080015e4                DCMI_IRQHandler
                0x00000000080015e4                CAN2_RX0_IRQHandler
                0x00000000080015e4                DMA2_Stream3_IRQHandler
                0x00000000080015e4                USART6_IRQHandler
                0x00000000080015e4                USART3_IRQHandler
                0x00000000080015e4                CAN1_RX1_IRQHandler
                0x00000000080015e4                UART5_IRQHandler
                0x00000000080015e4                DMA2_Stream0_IRQHandler
                0x00000000080015e4                TIM4_IRQHandler
                0x00000000080015e4                I2C1_EV_IRQHandler
                0x00000000080015e4                DMA1_Stream6_IRQHandler
                0x00000000080015e4                DMA1_Stream1_IRQHandler
                0x00000000080015e4                UART4_IRQHandler
                0x00000000080015e4                TIM3_IRQHandler
                0x00000000080015e4                RCC_IRQHandler
                0x00000000080015e4                TIM8_BRK_TIM12_IRQHandler
                0x00000000080015e4                Default_Handler
                0x00000000080015e4                EXTI15_10_IRQHandler
                0x00000000080015e4                ADC_IRQHandler
                0x00000000080015e4                DMA1_Stream7_IRQHandler
                0x00000000080015e4                TIM7_IRQHandler
                0x00000000080015e4                CAN2_TX_IRQHandler
                0x00000000080015e4                TIM5_IRQHandler
                0x00000000080015e4                DMA2_Stream7_IRQHandler
                0x00000000080015e4                EXTI9_5_IRQHandler
                0x00000000080015e4                RTC_WKUP_IRQHandler
                0x00000000080015e4                ETH_WKUP_IRQHandler
                0x00000000080015e4                SPI2_IRQHandler
                0x00000000080015e4                OTG_HS_EP1_IN_IRQHandler
                0x00000000080015e4                DMA1_Stream0_IRQHandler
                0x00000000080015e4                CAN1_TX_IRQHandler
                0x00000000080015e4                EXTI4_IRQHandler
                0x00000000080015e4                FSMC_IRQHandler
                0x00000000080015e4                ETH_IRQHandler
                0x00000000080015e4                OTG_HS_EP1_OUT_IRQHandler
                0x00000000080015e4                WWDG_IRQHandler
                0x00000000080015e4                TIM2_IRQHandler
                0x00000000080015e4                OTG_FS_WKUP_IRQHandler
                0x00000000080015e4                TIM1_TRG_COM_TIM11_IRQHandler
                0x00000000080015e4                OTG_HS_IRQHandler
                0x00000000080015e4                USART2_IRQHandler
                0x00000000080015e4                I2C2_ER_IRQHandler
                0x00000000080015e4                DMA2_Stream1_IRQHandler
                0x00000000080015e4                CAN1_SCE_IRQHandler
                0x00000000080015e4                FLASH_IRQHandler
                0x00000000080015e4                DMA2_Stream4_IRQHandler
                0x00000000080015e4                USART1_IRQHandler
                0x00000000080015e4                SPI3_IRQHandler
                0x00000000080015e4                DMA1_Stream4_IRQHandler
                0x00000000080015e4                I2C1_ER_IRQHandler
                0x00000000080015e4                DMA2_Stream6_IRQHandler
                0x00000000080015e4                DMA1_Stream3_IRQHandler
 *fill*         0x00000000080015e6        0x2 
 .text.HAL_Init
                0x00000000080015e8       0x44 Drivers/STM32F4xx_HAL_Driver/Src/stm32f4xx_hal.o
                0x00000000080015e8                HAL_Init
 .text.HAL_InitTick
                0x000000000800162c       0x60 Drivers/STM32F4xx_HAL_Driver/Src/stm32f4xx_hal.o
                0x000000000800162c                HAL_InitTick
 .text.HAL_IncTick
                0x000000000800168c       0x28 Drivers/STM32F4xx_HAL_Driver/Src/stm32f4xx_hal.o
                0x000000000800168c                HAL_IncTick
 .text.HAL_GetTick
                0x00000000080016b4       0x18 Drivers/STM32F4xx_HAL_Driver/Src/stm32f4xx_hal.o
                0x00000000080016b4                HAL_GetTick
 .text.HAL_Delay
                0x00000000080016cc       0x44 Drivers/STM32F4xx_HAL_Driver/Src/stm32f4xx_hal.o
                0x00000000080016cc                HAL_Delay
 .text.__NVIC_SetPriorityGrouping
                0x0000000008001710       0x48 Drivers/STM32F4xx_HAL_Driver/Src/stm32f4xx_hal_cortex.o
 .text.__NVIC_GetPriorityGrouping
                0x0000000008001758       0x1c Drivers/STM32F4xx_HAL_Driver/Src/stm32f4xx_hal_cortex.o
 .text.__NVIC_EnableIRQ
                0x0000000008001774       0x3c Drivers/STM32F4xx_HAL_Driver/Src/stm32f4xx_hal_cortex.o
 .text.__NVIC_SetPriority
                0x00000000080017b0       0x54 Drivers/STM32F4xx_HAL_Driver/Src/stm32f4xx_hal_cortex.o
 .text.NVIC_EncodePriority
                0x0000000008001804       0x66 Drivers/STM32F4xx_HAL_Driver/Src/stm32f4xx_hal_cortex.o
 *fill*         0x000000000800186a        0x2 
 .text.SysTick_Config
                0x000000000800186c       0x44 Drivers/STM32F4xx_HAL_Driver/Src/stm32f4xx_hal_cortex.o
 .text.HAL_NVIC_SetPriorityGrouping
                0x00000000080018b0       0x16 Drivers/STM32F4xx_HAL_Driver/Src/stm32f4xx_hal_cortex.o
                0x00000000080018b0                HAL_NVIC_SetPriorityGrouping
 .text.HAL_NVIC_SetPriority
                0x00000000080018c6       0x38 Drivers/STM32F4xx_HAL_Driver/Src/stm32f4xx_hal_cortex.o
                0x00000000080018c6                HAL_NVIC_SetPriority
 .text.HAL_NVIC_EnableIRQ
                0x00000000080018fe       0x1c Drivers/STM32F4xx_HAL_Driver/Src/stm32f4xx_hal_cortex.o
                0x00000000080018fe                HAL_NVIC_EnableIRQ
 .text.HAL_SYSTICK_Config
                0x000000000800191a       0x18 Drivers/STM32F4xx_HAL_Driver/Src/stm32f4xx_hal_cortex.o
                0x000000000800191a                HAL_SYSTICK_Config
 .text.HAL_DMA_Abort_IT
                0x0000000008001932       0x44 Drivers/STM32F4xx_HAL_Driver/Src/stm32f4xx_hal_dma.o
                0x0000000008001932                HAL_DMA_Abort_IT
 .text.HAL_DMA_GetState
                0x0000000008001976       0x1c Drivers/STM32F4xx_HAL_Driver/Src/stm32f4xx_hal_dma.o
                0x0000000008001976                HAL_DMA_GetState
 *fill*         0x0000000008001992        0x2 
 .text.HAL_GPIO_Init
                0x0000000008001994      0x334 Drivers/STM32F4xx_HAL_Driver/Src/stm32f4xx_hal_gpio.o
                0x0000000008001994                HAL_GPIO_Init
 .text.HAL_GPIO_WritePin
                0x0000000008001cc8       0x32 Drivers/STM32F4xx_HAL_Driver/Src/stm32f4xx_hal_gpio.o
                0x0000000008001cc8                HAL_GPIO_WritePin
 *fill*         0x0000000008001cfa        0x2 
 .text.HAL_GPIO_EXTI_IRQHandler
                0x0000000008001cfc       0x30 Drivers/STM32F4xx_HAL_Driver/Src/stm32f4xx_hal_gpio.o
                0x0000000008001cfc                HAL_GPIO_EXTI_IRQHandler
 .text.HAL_HCD_Init
                0x0000000008001d2c       0xc4 Drivers/STM32F4xx_HAL_Driver/Src/stm32f4xx_hal_hcd.o
                0x0000000008001d2c                HAL_HCD_Init
 .text.HAL_HCD_HC_Init
                0x0000000008001df0      0x130 Drivers/STM32F4xx_HAL_Driver/Src/stm32f4xx_hal_hcd.o
                0x0000000008001df0                HAL_HCD_HC_Init
 .text.HAL_HCD_HC_Halt
                0x0000000008001f20       0x46 Drivers/STM32F4xx_HAL_Driver/Src/stm32f4xx_hal_hcd.o
                0x0000000008001f20                HAL_HCD_HC_Halt
 *fill*         0x0000000008001f66        0x2 
 .text.HAL_HCD_HC_SubmitRequest
                0x0000000008001f68      0x2e4 Drivers/STM32F4xx_HAL_Driver/Src/stm32f4xx_hal_hcd.o
                0x0000000008001f68                HAL_HCD_HC_SubmitRequest
 .text.HAL_HCD_IRQHandler
                0x000000000800224c      0x208 Drivers/STM32F4xx_HAL_Driver/Src/stm32f4xx_hal_hcd.o
                0x000000000800224c                HAL_HCD_IRQHandler
 .text.HAL_HCD_Start
                0x0000000008002454       0x46 Drivers/STM32F4xx_HAL_Driver/Src/stm32f4xx_hal_hcd.o
                0x0000000008002454                HAL_HCD_Start
 .text.HAL_HCD_Stop
                0x000000000800249a       0x3a Drivers/STM32F4xx_HAL_Driver/Src/stm32f4xx_hal_hcd.o
                0x000000000800249a                HAL_HCD_Stop
 .text.HAL_HCD_ResetPort
                0x00000000080024d4       0x1c Drivers/STM32F4xx_HAL_Driver/Src/stm32f4xx_hal_hcd.o
                0x00000000080024d4                HAL_HCD_ResetPort
 .text.HAL_HCD_HC_GetURBState
                0x00000000080024f0       0x2a Drivers/STM32F4xx_HAL_Driver/Src/stm32f4xx_hal_hcd.o
                0x00000000080024f0                HAL_HCD_HC_GetURBState
 .text.HAL_HCD_HC_GetXferCount
                0x000000000800251a       0x2a Drivers/STM32F4xx_HAL_Driver/Src/stm32f4xx_hal_hcd.o
                0x000000000800251a                HAL_HCD_HC_GetXferCount
 .text.HAL_HCD_GetCurrentFrame
                0x0000000008002544       0x1c Drivers/STM32F4xx_HAL_Driver/Src/stm32f4xx_hal_hcd.o
                0x0000000008002544                HAL_HCD_GetCurrentFrame
 .text.HAL_HCD_GetCurrentSpeed
                0x0000000008002560       0x1c Drivers/STM32F4xx_HAL_Driver/Src/stm32f4xx_hal_hcd.o
                0x0000000008002560                HAL_HCD_GetCurrentSpeed
 .text.HCD_HC_IN_IRQHandler
                0x000000000800257c      0x86a Drivers/STM32F4xx_HAL_Driver/Src/stm32f4xx_hal_hcd.o
 .text.HCD_HC_OUT_IRQHandler
                0x0000000008002de6      0x6ea Drivers/STM32F4xx_HAL_Driver/Src/stm32f4xx_hal_hcd.o
 .text.HCD_RXQLVL_IRQHandler
                0x00000000080034d0      0x158 Drivers/STM32F4xx_HAL_Driver/Src/stm32f4xx_hal_hcd.o
 .text.HCD_Port_IRQHandler
                0x0000000008003628       0xe6 Drivers/STM32F4xx_HAL_Driver/Src/stm32f4xx_hal_hcd.o
 *fill*         0x000000000800370e        0x2 
 .text.HAL_I2C_Init
                0x0000000008003710      0x270 Drivers/STM32F4xx_HAL_Driver/Src/stm32f4xx_hal_i2c.o
                0x0000000008003710                HAL_I2C_Init
 .text.HAL_I2C_Master_Transmit_IT
                0x0000000008003980      0x14c Drivers/STM32F4xx_HAL_Driver/Src/stm32f4xx_hal_i2c.o
                0x0000000008003980                HAL_I2C_Master_Transmit_IT
 .text.HAL_I2C_EV_IRQHandler
                0x0000000008003acc      0x2da Drivers/STM32F4xx_HAL_Driver/Src/stm32f4xx_hal_i2c.o
                0x0000000008003acc                HAL_I2C_EV_IRQHandler
 .text.HAL_I2C_ER_IRQHandler
                0x0000000008003da6      0x14e Drivers/STM32F4xx_HAL_Driver/Src/stm32f4xx_hal_i2c.o
                0x0000000008003da6                HAL_I2C_ER_IRQHandler
 .text.HAL_I2C_MasterRxCpltCallback
                0x0000000008003ef4       0x14 Drivers/STM32F4xx_HAL_Driver/Src/stm32f4xx_hal_i2c.o
                0x0000000008003ef4                HAL_I2C_MasterRxCpltCallback
 .text.HAL_I2C_SlaveTxCpltCallback
                0x0000000008003f08       0x14 Drivers/STM32F4xx_HAL_Driver/Src/stm32f4xx_hal_i2c.o
                0x0000000008003f08                HAL_I2C_SlaveTxCpltCallback
 .text.HAL_I2C_SlaveRxCpltCallback
                0x0000000008003f1c       0x14 Drivers/STM32F4xx_HAL_Driver/Src/stm32f4xx_hal_i2c.o
                0x0000000008003f1c                HAL_I2C_SlaveRxCpltCallback
 .text.HAL_I2C_AddrCallback
                0x0000000008003f30       0x1c Drivers/STM32F4xx_HAL_Driver/Src/stm32f4xx_hal_i2c.o
                0x0000000008003f30                HAL_I2C_AddrCallback
 .text.HAL_I2C_ListenCpltCallback
                0x0000000008003f4c       0x14 Drivers/STM32F4xx_HAL_Driver/Src/stm32f4xx_hal_i2c.o
                0x0000000008003f4c                HAL_I2C_ListenCpltCallback
 .text.HAL_I2C_MemTxCpltCallback
                0x0000000008003f60       0x14 Drivers/STM32F4xx_HAL_Driver/Src/stm32f4xx_hal_i2c.o
                0x0000000008003f60                HAL_I2C_MemTxCpltCallback
 .text.HAL_I2C_MemRxCpltCallback
                0x0000000008003f74       0x14 Drivers/STM32F4xx_HAL_Driver/Src/stm32f4xx_hal_i2c.o
                0x0000000008003f74                HAL_I2C_MemRxCpltCallback
 .text.HAL_I2C_ErrorCallback
                0x0000000008003f88       0x14 Drivers/STM32F4xx_HAL_Driver/Src/stm32f4xx_hal_i2c.o
                0x0000000008003f88                HAL_I2C_ErrorCallback
 .text.HAL_I2C_AbortCpltCallback
                0x0000000008003f9c       0x14 Drivers/STM32F4xx_HAL_Driver/Src/stm32f4xx_hal_i2c.o
                0x0000000008003f9c                HAL_I2C_AbortCpltCallback
 .text.I2C_MasterTransmit_TXE
                0x0000000008003fb0      0x138 Drivers/STM32F4xx_HAL_Driver/Src/stm32f4xx_hal_i2c.o
 .text.I2C_MasterTransmit_BTF
                0x00000000080040e8       0xd0 Drivers/STM32F4xx_HAL_Driver/Src/stm32f4xx_hal_i2c.o
 .text.I2C_MemoryTransmit_TXE_BTF
                0x00000000080041b8      0x11e Drivers/STM32F4xx_HAL_Driver/Src/stm32f4xx_hal_i2c.o
 .text.I2C_MasterReceive_RXNE
                0x00000000080042d6      0x162 Drivers/STM32F4xx_HAL_Driver/Src/stm32f4xx_hal_i2c.o
 .text.I2C_MasterReceive_BTF
                0x0000000008004438      0x1d4 Drivers/STM32F4xx_HAL_Driver/Src/stm32f4xx_hal_i2c.o
 .text.I2C_Master_SB
                0x000000000800460c      0x10c Drivers/STM32F4xx_HAL_Driver/Src/stm32f4xx_hal_i2c.o
 .text.I2C_Master_ADD10
                0x0000000008004718       0x54 Drivers/STM32F4xx_HAL_Driver/Src/stm32f4xx_hal_i2c.o
 .text.I2C_Master_ADDR
                0x000000000800476c      0x322 Drivers/STM32F4xx_HAL_Driver/Src/stm32f4xx_hal_i2c.o
 .text.I2C_SlaveTransmit_TXE
                0x0000000008004a8e       0x7a Drivers/STM32F4xx_HAL_Driver/Src/stm32f4xx_hal_i2c.o
 .text.I2C_SlaveTransmit_BTF
                0x0000000008004b08       0x42 Drivers/STM32F4xx_HAL_Driver/Src/stm32f4xx_hal_i2c.o
 .text.I2C_SlaveReceive_RXNE
                0x0000000008004b4a       0x7c Drivers/STM32F4xx_HAL_Driver/Src/stm32f4xx_hal_i2c.o
 .text.I2C_SlaveReceive_BTF
                0x0000000008004bc6       0x44 Drivers/STM32F4xx_HAL_Driver/Src/stm32f4xx_hal_i2c.o
 .text.I2C_Slave_ADDR
                0x0000000008004c0a       0x88 Drivers/STM32F4xx_HAL_Driver/Src/stm32f4xx_hal_i2c.o
 *fill*         0x0000000008004c92        0x2 
 .text.I2C_Slave_STOPF
                0x0000000008004c94      0x260 Drivers/STM32F4xx_HAL_Driver/Src/stm32f4xx_hal_i2c.o
 .text.I2C_Slave_AF
                0x0000000008004ef4       0xe0 Drivers/STM32F4xx_HAL_Driver/Src/stm32f4xx_hal_i2c.o
 .text.I2C_ITError
                0x0000000008004fd4      0x264 Drivers/STM32F4xx_HAL_Driver/Src/stm32f4xx_hal_i2c.o
 .text.I2C_DMAAbort
                0x0000000008005238      0x150 Drivers/STM32F4xx_HAL_Driver/Src/stm32f4xx_hal_i2c.o
 .text.I2C_WaitOnSTOPRequestThroughIT
                0x0000000008005388       0x64 Drivers/STM32F4xx_HAL_Driver/Src/stm32f4xx_hal_i2c.o
 .text.I2C_ConvertOtherXferOptions
                0x00000000080053ec       0x36 Drivers/STM32F4xx_HAL_Driver/Src/stm32f4xx_hal_i2c.o
 *fill*         0x0000000008005422        0x2 
 .text.HAL_RCC_OscConfig
                0x0000000008005424      0x4e0 Drivers/STM32F4xx_HAL_Driver/Src/stm32f4xx_hal_rcc.o
                0x0000000008005424                HAL_RCC_OscConfig
 .text.HAL_RCC_ClockConfig
                0x0000000008005904      0x1cc Drivers/STM32F4xx_HAL_Driver/Src/stm32f4xx_hal_rcc.o
                0x0000000008005904                HAL_RCC_ClockConfig
 .text.HAL_RCC_GetSysClockFreq
                0x0000000008005ad0      0x1b0 Drivers/STM32F4xx_HAL_Driver/Src/stm32f4xx_hal_rcc.o
                0x0000000008005ad0                HAL_RCC_GetSysClockFreq
 .text.HAL_RCC_GetHCLKFreq
                0x0000000008005c80       0x18 Drivers/STM32F4xx_HAL_Driver/Src/stm32f4xx_hal_rcc.o
                0x0000000008005c80                HAL_RCC_GetHCLKFreq
 .text.HAL_RCC_GetPCLK1Freq
                0x0000000008005c98       0x28 Drivers/STM32F4xx_HAL_Driver/Src/stm32f4xx_hal_rcc.o
                0x0000000008005c98                HAL_RCC_GetPCLK1Freq
 .text.HAL_TIM_Base_Init
                0x0000000008005cc0       0x56 Drivers/STM32F4xx_HAL_Driver/Src/stm32f4xx_hal_tim.o
                0x0000000008005cc0                HAL_TIM_Base_Init
 .text.HAL_TIM_Base_Start
                0x0000000008005d16       0x48 Drivers/STM32F4xx_HAL_Driver/Src/stm32f4xx_hal_tim.o
                0x0000000008005d16                HAL_TIM_Base_Start
 .text.HAL_TIM_ConfigClockSource
                0x0000000008005d5e      0x16e Drivers/STM32F4xx_HAL_Driver/Src/stm32f4xx_hal_tim.o
                0x0000000008005d5e                HAL_TIM_ConfigClockSource
 .text.TIM_Base_SetConfig
                0x0000000008005ecc      0x140 Drivers/STM32F4xx_HAL_Driver/Src/stm32f4xx_hal_tim.o
                0x0000000008005ecc                TIM_Base_SetConfig
 .text.TIM_TI1_ConfigInputStage
                0x000000000800600c       0x5e Drivers/STM32F4xx_HAL_Driver/Src/stm32f4xx_hal_tim.o
 .text.TIM_TI2_ConfigInputStage
                0x000000000800606a       0x60 Drivers/STM32F4xx_HAL_Driver/Src/stm32f4xx_hal_tim.o
 .text.TIM_ITRx_SetConfig
                0x00000000080060ca       0x36 Drivers/STM32F4xx_HAL_Driver/Src/stm32f4xx_hal_tim.o
 .text.TIM_ETR_SetConfig
                0x0000000008006100       0x40 Drivers/STM32F4xx_HAL_Driver/Src/stm32f4xx_hal_tim.o
                0x0000000008006100                TIM_ETR_SetConfig
 .text.HAL_TIMEx_MasterConfigSynchronization
                0x0000000008006140       0xf8 Drivers/STM32F4xx_HAL_Driver/Src/stm32f4xx_hal_tim_ex.o
                0x0000000008006140                HAL_TIMEx_MasterConfigSynchronization
 .text.USB_CoreInit
                0x0000000008006238       0xc2 Drivers/STM32F4xx_HAL_Driver/Src/stm32f4xx_ll_usb.o
                0x0000000008006238                USB_CoreInit
 .text.USB_EnableGlobalInt
                0x00000000080062fa       0x22 Drivers/STM32F4xx_HAL_Driver/Src/stm32f4xx_ll_usb.o
                0x00000000080062fa                USB_EnableGlobalInt
 .text.USB_DisableGlobalInt
                0x000000000800631c       0x22 Drivers/STM32F4xx_HAL_Driver/Src/stm32f4xx_ll_usb.o
                0x000000000800631c                USB_DisableGlobalInt
 .text.USB_SetCurrentMode
                0x000000000800633e       0x54 Drivers/STM32F4xx_HAL_Driver/Src/stm32f4xx_ll_usb.o
                0x000000000800633e                USB_SetCurrentMode
 *fill*         0x0000000008006392        0x2 
 .text.USB_FlushTxFifo
                0x0000000008006394       0x4c Drivers/STM32F4xx_HAL_Driver/Src/stm32f4xx_ll_usb.o
                0x0000000008006394                USB_FlushTxFifo
 .text.USB_FlushRxFifo
                0x00000000080063e0       0x44 Drivers/STM32F4xx_HAL_Driver/Src/stm32f4xx_ll_usb.o
                0x00000000080063e0                USB_FlushRxFifo
 .text.USB_WritePacket
                0x0000000008006424       0x6a Drivers/STM32F4xx_HAL_Driver/Src/stm32f4xx_ll_usb.o
                0x0000000008006424                USB_WritePacket
 .text.USB_ReadPacket
                0x000000000800648e       0x52 Drivers/STM32F4xx_HAL_Driver/Src/stm32f4xx_ll_usb.o
                0x000000000800648e                USB_ReadPacket
 .text.USB_ReadInterrupts
                0x00000000080064e0       0x26 Drivers/STM32F4xx_HAL_Driver/Src/stm32f4xx_ll_usb.o
                0x00000000080064e0                USB_ReadInterrupts
 .text.USB_GetMode
                0x0000000008006506       0x1c Drivers/STM32F4xx_HAL_Driver/Src/stm32f4xx_ll_usb.o
                0x0000000008006506                USB_GetMode
 *fill*         0x0000000008006522        0x2 
 .text.USB_CoreReset
                0x0000000008006524       0x68 Drivers/STM32F4xx_HAL_Driver/Src/stm32f4xx_ll_usb.o
 .text.USB_HostInit
                0x000000000800658c      0x178 Drivers/STM32F4xx_HAL_Driver/Src/stm32f4xx_ll_usb.o
                0x000000000800658c                USB_HostInit
 .text.USB_InitFSLSPClkSel
                0x0000000008006704       0x74 Drivers/STM32F4xx_HAL_Driver/Src/stm32f4xx_ll_usb.o
                0x0000000008006704                USB_InitFSLSPClkSel
 .text.USB_ResetPort
                0x0000000008006778       0x54 Drivers/STM32F4xx_HAL_Driver/Src/stm32f4xx_ll_usb.o
                0x0000000008006778                USB_ResetPort
 .text.USB_DriveVbus
                0x00000000080067cc       0x72 Drivers/STM32F4xx_HAL_Driver/Src/stm32f4xx_ll_usb.o
                0x00000000080067cc                USB_DriveVbus
 .text.USB_GetHostSpeed
                0x000000000800683e       0x2e Drivers/STM32F4xx_HAL_Driver/Src/stm32f4xx_ll_usb.o
                0x000000000800683e                USB_GetHostSpeed
 .text.USB_GetCurrentFrame
                0x000000000800686c       0x22 Drivers/STM32F4xx_HAL_Driver/Src/stm32f4xx_ll_usb.o
                0x000000000800686c                USB_GetCurrentFrame
 *fill*         0x000000000800688e        0x2 
 .text.USB_HC_Init
                0x0000000008006890      0x214 Drivers/STM32F4xx_HAL_Driver/Src/stm32f4xx_ll_usb.o
                0x0000000008006890                USB_HC_Init
 .text.USB_HC_StartXfer
                0x0000000008006aa4      0x28c Drivers/STM32F4xx_HAL_Driver/Src/stm32f4xx_ll_usb.o
                0x0000000008006aa4                USB_HC_StartXfer
 .text.USB_HC_ReadInterrupt
                0x0000000008006d30       0x22 Drivers/STM32F4xx_HAL_Driver/Src/stm32f4xx_ll_usb.o
                0x0000000008006d30                USB_HC_ReadInterrupt
 .text.USB_HC_Halt
                0x0000000008006d52      0x1fe Drivers/STM32F4xx_HAL_Driver/Src/stm32f4xx_ll_usb.o
                0x0000000008006d52                USB_HC_Halt
 .text.USB_DoPing
                0x0000000008006f50       0x78 Drivers/STM32F4xx_HAL_Driver/Src/stm32f4xx_ll_usb.o
                0x0000000008006f50                USB_DoPing
 .text.USB_StopHost
                0x0000000008006fc8      0x10c Drivers/STM32F4xx_HAL_Driver/Src/stm32f4xx_ll_usb.o
                0x0000000008006fc8                USB_StopHost
 .text.MX_FATFS_Init
                0x00000000080070d4       0x24 FATFS/App/fatfs.o
                0x00000000080070d4                MX_FATFS_Init
 .text.get_fattime
                0x00000000080070f8       0x10 FATFS/App/fatfs.o
                0x00000000080070f8                get_fattime
 .text.USBH_initialize
                0x0000000008007108       0x18 FATFS/Target/usbh_diskio.o
                0x0000000008007108                USBH_initialize
 .text.USBH_status
                0x0000000008007120       0x38 FATFS/Target/usbh_diskio.o
                0x0000000008007120                USBH_status
 .text.USBH_read
                0x0000000008007158       0x70 FATFS/Target/usbh_diskio.o
                0x0000000008007158                USBH_read
 .text.USBH_write
                0x00000000080071c8       0x84 FATFS/Target/usbh_diskio.o
                0x00000000080071c8                USBH_write
 .text.USBH_ioctl
                0x000000000800724c       0xd8 FATFS/Target/usbh_diskio.o
                0x000000000800724c                USBH_ioctl
 .text.USBH_MSC_InterfaceInit
                0x0000000008007324      0x216 Middlewares/ST/STM32_USB_Host_Library/Class/MSC/Src/usbh_msc.o
 .text.USBH_MSC_InterfaceDeInit
                0x000000000800753a       0x8c Middlewares/ST/STM32_USB_Host_Library/Class/MSC/Src/usbh_msc.o
 .text.USBH_MSC_ClassRequest
                0x00000000080075c6       0xc8 Middlewares/ST/STM32_USB_Host_Library/Class/MSC/Src/usbh_msc.o
 *fill*         0x000000000800768e        0x2 
 .text.USBH_MSC_Process
                0x0000000008007690      0x520 Middlewares/ST/STM32_USB_Host_Library/Class/MSC/Src/usbh_msc.o
 .text.USBH_MSC_SOFProcess
                0x0000000008007bb0       0x16 Middlewares/ST/STM32_USB_Host_Library/Class/MSC/Src/usbh_msc.o
 .text.USBH_MSC_RdWrProcess
                0x0000000008007bc6      0x194 Middlewares/ST/STM32_USB_Host_Library/Class/MSC/Src/usbh_msc.o
 .text.USBH_MSC_UnitIsReady
                0x0000000008007d5a       0x4c Middlewares/ST/STM32_USB_Host_Library/Class/MSC/Src/usbh_msc.o
                0x0000000008007d5a                USBH_MSC_UnitIsReady
 .text.USBH_MSC_GetLUNInfo
                0x0000000008007da6       0x48 Middlewares/ST/STM32_USB_Host_Library/Class/MSC/Src/usbh_msc.o
                0x0000000008007da6                USBH_MSC_GetLUNInfo
 .text.USBH_MSC_Read
                0x0000000008007dee       0xd2 Middlewares/ST/STM32_USB_Host_Library/Class/MSC/Src/usbh_msc.o
                0x0000000008007dee                USBH_MSC_Read
 .text.USBH_MSC_Write
                0x0000000008007ec0       0xd2 Middlewares/ST/STM32_USB_Host_Library/Class/MSC/Src/usbh_msc.o
                0x0000000008007ec0                USBH_MSC_Write
 .text.USBH_MSC_BOT_REQ_Reset
                0x0000000008007f92       0x3a Middlewares/ST/STM32_USB_Host_Library/Class/MSC/Src/usbh_msc_bot.o
                0x0000000008007f92                USBH_MSC_BOT_REQ_Reset
 .text.USBH_MSC_BOT_REQ_GetMaxLUN
                0x0000000008007fcc       0x3c Middlewares/ST/STM32_USB_Host_Library/Class/MSC/Src/usbh_msc_bot.o
                0x0000000008007fcc                USBH_MSC_BOT_REQ_GetMaxLUN
 .text.USBH_MSC_BOT_Init
                0x0000000008008008       0x44 Middlewares/ST/STM32_USB_Host_Library/Class/MSC/Src/usbh_msc_bot.o
                0x0000000008008008                USBH_MSC_BOT_Init
 .text.USBH_MSC_BOT_Process
                0x000000000800804c      0x3a4 Middlewares/ST/STM32_USB_Host_Library/Class/MSC/Src/usbh_msc_bot.o
                0x000000000800804c                USBH_MSC_BOT_Process
 .text.USBH_MSC_BOT_Abort
                0x00000000080083f0       0x58 Middlewares/ST/STM32_USB_Host_Library/Class/MSC/Src/usbh_msc_bot.o
 .text.USBH_MSC_DecodeCSW
                0x0000000008008448       0x88 Middlewares/ST/STM32_USB_Host_Library/Class/MSC/Src/usbh_msc_bot.o
 .text.USBH_MSC_SCSI_TestUnitReady
                0x00000000080084d0       0x86 Middlewares/ST/STM32_USB_Host_Library/Class/MSC/Src/usbh_msc_scsi.o
                0x00000000080084d0                USBH_MSC_SCSI_TestUnitReady
 .text.USBH_MSC_SCSI_ReadCapacity
                0x0000000008008556       0xf6 Middlewares/ST/STM32_USB_Host_Library/Class/MSC/Src/usbh_msc_scsi.o
                0x0000000008008556                USBH_MSC_SCSI_ReadCapacity
 .text.USBH_MSC_SCSI_Inquiry
                0x000000000800864c      0x14a Middlewares/ST/STM32_USB_Host_Library/Class/MSC/Src/usbh_msc_scsi.o
                0x000000000800864c                USBH_MSC_SCSI_Inquiry
 .text.USBH_MSC_SCSI_RequestSense
                0x0000000008008796       0xf2 Middlewares/ST/STM32_USB_Host_Library/Class/MSC/Src/usbh_msc_scsi.o
                0x0000000008008796                USBH_MSC_SCSI_RequestSense
 .text.USBH_MSC_SCSI_Write
                0x0000000008008888       0xd6 Middlewares/ST/STM32_USB_Host_Library/Class/MSC/Src/usbh_msc_scsi.o
                0x0000000008008888                USBH_MSC_SCSI_Write
 .text.USBH_MSC_SCSI_Read
                0x000000000800895e       0xd6 Middlewares/ST/STM32_USB_Host_Library/Class/MSC/Src/usbh_msc_scsi.o
                0x000000000800895e                USBH_MSC_SCSI_Read
 .text.USBH_Init
                0x0000000008008a34       0x74 Middlewares/ST/STM32_USB_Host_Library/Core/Src/usbh_core.o
                0x0000000008008a34                USBH_Init
 .text.DeInitStateMachine
                0x0000000008008aa8       0xa8 Middlewares/ST/STM32_USB_Host_Library/Core/Src/usbh_core.o
 .text.USBH_RegisterClass
                0x0000000008008b50       0x54 Middlewares/ST/STM32_USB_Host_Library/Core/Src/usbh_core.o
                0x0000000008008b50                USBH_RegisterClass
 .text.USBH_SelectInterface
                0x0000000008008ba4       0x38 Middlewares/ST/STM32_USB_Host_Library/Core/Src/usbh_core.o
                0x0000000008008ba4                USBH_SelectInterface
 .text.USBH_FindInterface
                0x0000000008008bdc       0x8c Middlewares/ST/STM32_USB_Host_Library/Core/Src/usbh_core.o
                0x0000000008008bdc                USBH_FindInterface
 .text.USBH_Start
                0x0000000008008c68       0x20 Middlewares/ST/STM32_USB_Host_Library/Core/Src/usbh_core.o
                0x0000000008008c68                USBH_Start
 .text.USBH_Process
                0x0000000008008c88      0x3c0 Middlewares/ST/STM32_USB_Host_Library/Core/Src/usbh_core.o
                0x0000000008008c88                USBH_Process
 .text.USBH_HandleEnum
                0x0000000008009048      0x3c8 Middlewares/ST/STM32_USB_Host_Library/Core/Src/usbh_core.o
 .text.USBH_LL_SetTimer
                0x0000000008009410       0x1e Middlewares/ST/STM32_USB_Host_Library/Core/Src/usbh_core.o
                0x0000000008009410                USBH_LL_SetTimer
 .text.USBH_LL_IncTimer
                0x000000000800942e       0x24 Middlewares/ST/STM32_USB_Host_Library/Core/Src/usbh_core.o
                0x000000000800942e                USBH_LL_IncTimer
 .text.USBH_HandleSof
                0x0000000008009452       0x30 Middlewares/ST/STM32_USB_Host_Library/Core/Src/usbh_core.o
 .text.USBH_LL_PortEnabled
                0x0000000008009482       0x1c Middlewares/ST/STM32_USB_Host_Library/Core/Src/usbh_core.o
                0x0000000008009482                USBH_LL_PortEnabled
 .text.USBH_LL_PortDisabled
                0x000000000800949e       0x1c Middlewares/ST/STM32_USB_Host_Library/Core/Src/usbh_core.o
                0x000000000800949e                USBH_LL_PortDisabled
 .text.USBH_LL_Connect
                0x00000000080094ba       0x2e Middlewares/ST/STM32_USB_Host_Library/Core/Src/usbh_core.o
                0x00000000080094ba                USBH_LL_Connect
 .text.USBH_LL_Disconnect
                0x00000000080094e8       0x48 Middlewares/ST/STM32_USB_Host_Library/Core/Src/usbh_core.o
                0x00000000080094e8                USBH_LL_Disconnect
 .text.USBH_Get_DevDesc
                0x0000000008009530       0x50 Middlewares/ST/STM32_USB_Host_Library/Core/Src/usbh_ctlreq.o
                0x0000000008009530                USBH_Get_DevDesc
 .text.USBH_Get_CfgDesc
                0x0000000008009580       0x48 Middlewares/ST/STM32_USB_Host_Library/Core/Src/usbh_ctlreq.o
                0x0000000008009580                USBH_Get_CfgDesc
 .text.USBH_Get_StringDesc
                0x00000000080095c8       0x56 Middlewares/ST/STM32_USB_Host_Library/Core/Src/usbh_ctlreq.o
                0x00000000080095c8                USBH_Get_StringDesc
 .text.USBH_GetDescriptor
                0x000000000800961e       0x6a Middlewares/ST/STM32_USB_Host_Library/Core/Src/usbh_ctlreq.o
                0x000000000800961e                USBH_GetDescriptor
 .text.USBH_SetAddress
                0x0000000008009688       0x48 Middlewares/ST/STM32_USB_Host_Library/Core/Src/usbh_ctlreq.o
                0x0000000008009688                USBH_SetAddress
 .text.USBH_SetCfg
                0x00000000080096d0       0x46 Middlewares/ST/STM32_USB_Host_Library/Core/Src/usbh_ctlreq.o
                0x00000000080096d0                USBH_SetCfg
 .text.USBH_SetFeature
                0x0000000008009716       0x48 Middlewares/ST/STM32_USB_Host_Library/Core/Src/usbh_ctlreq.o
                0x0000000008009716                USBH_SetFeature
 .text.USBH_ClrFeature
                0x000000000800975e       0x48 Middlewares/ST/STM32_USB_Host_Library/Core/Src/usbh_ctlreq.o
                0x000000000800975e                USBH_ClrFeature
 .text.USBH_ParseDevDesc
                0x00000000080097a6       0xe0 Middlewares/ST/STM32_USB_Host_Library/Core/Src/usbh_ctlreq.o
 .text.USBH_ParseCfgDesc
                0x0000000008009886      0x144 Middlewares/ST/STM32_USB_Host_Library/Core/Src/usbh_ctlreq.o
 .text.USBH_ParseInterfaceDesc
                0x00000000080099ca       0x5e Middlewares/ST/STM32_USB_Host_Library/Core/Src/usbh_ctlreq.o
 .text.USBH_ParseEPDesc
                0x0000000008009a28       0x5a Middlewares/ST/STM32_USB_Host_Library/Core/Src/usbh_ctlreq.o
 .text.USBH_ParseStringDesc
                0x0000000008009a82       0x66 Middlewares/ST/STM32_USB_Host_Library/Core/Src/usbh_ctlreq.o
 .text.USBH_GetNextDesc
                0x0000000008009ae8       0x36 Middlewares/ST/STM32_USB_Host_Library/Core/Src/usbh_ctlreq.o
                0x0000000008009ae8                USBH_GetNextDesc
 .text.USBH_CtlReq
                0x0000000008009b1e       0x7a Middlewares/ST/STM32_USB_Host_Library/Core/Src/usbh_ctlreq.o
                0x0000000008009b1e                USBH_CtlReq
 .text.USBH_HandleControl
                0x0000000008009b98      0x2ec Middlewares/ST/STM32_USB_Host_Library/Core/Src/usbh_ctlreq.o
 .text.USBH_CtlSendSetup
                0x0000000008009e84       0x34 Middlewares/ST/STM32_USB_Host_Library/Core/Src/usbh_ioreq.o
                0x0000000008009e84                USBH_CtlSendSetup
 .text.USBH_CtlSendData
                0x0000000008009eb8       0x4a Middlewares/ST/STM32_USB_Host_Library/Core/Src/usbh_ioreq.o
                0x0000000008009eb8                USBH_CtlSendData
 .text.USBH_CtlReceiveData
                0x0000000008009f02       0x3c Middlewares/ST/STM32_USB_Host_Library/Core/Src/usbh_ioreq.o
                0x0000000008009f02                USBH_CtlReceiveData
 .text.USBH_BulkSendData
                0x0000000008009f3e       0x4a Middlewares/ST/STM32_USB_Host_Library/Core/Src/usbh_ioreq.o
                0x0000000008009f3e                USBH_BulkSendData
 .text.USBH_BulkReceiveData
                0x0000000008009f88       0x3c Middlewares/ST/STM32_USB_Host_Library/Core/Src/usbh_ioreq.o
                0x0000000008009f88                USBH_BulkReceiveData
 .text.USBH_OpenPipe
                0x0000000008009fc4       0x3e Middlewares/ST/STM32_USB_Host_Library/Core/Src/usbh_pipes.o
                0x0000000008009fc4                USBH_OpenPipe
 .text.USBH_ClosePipe
                0x000000000800a002       0x20 Middlewares/ST/STM32_USB_Host_Library/Core/Src/usbh_pipes.o
                0x000000000800a002                USBH_ClosePipe
 .text.USBH_AllocPipe
                0x000000000800a022       0x42 Middlewares/ST/STM32_USB_Host_Library/Core/Src/usbh_pipes.o
                0x000000000800a022                USBH_AllocPipe
 .text.USBH_FreePipe
                0x000000000800a064       0x3c Middlewares/ST/STM32_USB_Host_Library/Core/Src/usbh_pipes.o
                0x000000000800a064                USBH_FreePipe
 .text.USBH_GetFreePipe
                0x000000000800a0a0       0x48 Middlewares/ST/STM32_USB_Host_Library/Core/Src/usbh_pipes.o
 .text.disk_status
                0x000000000800a0e8       0x34 Middlewares/Third_Party/FatFs/src/diskio.o
                0x000000000800a0e8                disk_status
 .text.disk_initialize
                0x000000000800a11c       0x4c Middlewares/Third_Party/FatFs/src/diskio.o
                0x000000000800a11c                disk_initialize
 .text.disk_read
                0x000000000800a168       0x40 Middlewares/Third_Party/FatFs/src/diskio.o
                0x000000000800a168                disk_read
 .text.disk_write
                0x000000000800a1a8       0x40 Middlewares/Third_Party/FatFs/src/diskio.o
                0x000000000800a1a8                disk_write
 .text.disk_ioctl
                0x000000000800a1e8       0x3c Middlewares/Third_Party/FatFs/src/diskio.o
                0x000000000800a1e8                disk_ioctl
 .text.ld_word  0x000000000800a224       0x30 Middlewares/Third_Party/FatFs/src/ff.o
 .text.ld_dword
                0x000000000800a254       0x46 Middlewares/Third_Party/FatFs/src/ff.o
 .text.ld_qword
                0x000000000800a29a      0x17a Middlewares/Third_Party/FatFs/src/ff.o
 .text.st_word  0x000000000800a414       0x36 Middlewares/Third_Party/FatFs/src/ff.o
 .text.st_dword
                0x000000000800a44a       0x58 Middlewares/Third_Party/FatFs/src/ff.o
 .text.st_qword
                0x000000000800a4a2      0x10e Middlewares/Third_Party/FatFs/src/ff.o
 .text.mem_cpy  0x000000000800a5b0       0x42 Middlewares/Third_Party/FatFs/src/ff.o
 .text.mem_set  0x000000000800a5f2       0x34 Middlewares/Third_Party/FatFs/src/ff.o
 .text.mem_cmp  0x000000000800a626       0x4e Middlewares/Third_Party/FatFs/src/ff.o
 .text.chk_chr  0x000000000800a674       0x36 Middlewares/Third_Party/FatFs/src/ff.o
 *fill*         0x000000000800a6aa        0x2 
 .text.chk_lock
                0x000000000800a6ac       0xb8 Middlewares/Third_Party/FatFs/src/ff.o
 .text.enq_lock
                0x000000000800a764       0x44 Middlewares/Third_Party/FatFs/src/ff.o
 .text.inc_lock
                0x000000000800a7a8      0x11c Middlewares/Third_Party/FatFs/src/ff.o
 .text.dec_lock
                0x000000000800a8c4       0x78 Middlewares/Third_Party/FatFs/src/ff.o
 .text.clear_lock
                0x000000000800a93c       0x48 Middlewares/Third_Party/FatFs/src/ff.o
 .text.sync_window
                0x000000000800a984       0x88 Middlewares/Third_Party/FatFs/src/ff.o
 .text.move_window
                0x000000000800aa0c       0x5a Middlewares/Third_Party/FatFs/src/ff.o
 .text.clust2sect
                0x000000000800aa66       0x3e Middlewares/Third_Party/FatFs/src/ff.o
 .text.get_fat  0x000000000800aaa4      0x2a8 Middlewares/Third_Party/FatFs/src/ff.o
 .text.put_fat  0x000000000800ad4c      0x244 Middlewares/Third_Party/FatFs/src/ff.o
 .text.find_bitmap
                0x000000000800af90      0x10e Middlewares/Third_Party/FatFs/src/ff.o
 .text.change_bitmap
                0x000000000800b09e       0xea Middlewares/Third_Party/FatFs/src/ff.o
 .text.fill_first_frag
                0x000000000800b188       0x5e Middlewares/Third_Party/FatFs/src/ff.o
 .text.fill_last_frag
                0x000000000800b1e6       0x62 Middlewares/Third_Party/FatFs/src/ff.o
 .text.remove_chain
                0x000000000800b248      0x168 Middlewares/Third_Party/FatFs/src/ff.o
 .text.create_chain
                0x000000000800b3b0      0x202 Middlewares/Third_Party/FatFs/src/ff.o
 .text.clmt_clust
                0x000000000800b5b2       0x8e Middlewares/Third_Party/FatFs/src/ff.o
 .text.dir_sdi  0x000000000800b640      0x128 Middlewares/Third_Party/FatFs/src/ff.o
 .text.dir_next
                0x000000000800b768      0x1cc Middlewares/Third_Party/FatFs/src/ff.o
 .text.dir_alloc
                0x000000000800b934       0xb8 Middlewares/Third_Party/FatFs/src/ff.o
 .text.ld_clust
                0x000000000800b9ec       0x3e Middlewares/Third_Party/FatFs/src/ff.o
 .text.st_clust
                0x000000000800ba2a       0x40 Middlewares/Third_Party/FatFs/src/ff.o
 *fill*         0x000000000800ba6a        0x2 
 .text.cmp_lfn  0x000000000800ba6c       0xe0 Middlewares/Third_Party/FatFs/src/ff.o
 .text.pick_lfn
                0x000000000800bb4c       0xc8 Middlewares/Third_Party/FatFs/src/ff.o
 .text.put_lfn  0x000000000800bc14       0xd0 Middlewares/Third_Party/FatFs/src/ff.o
 .text.gen_numname
                0x000000000800bce4      0x11e Middlewares/Third_Party/FatFs/src/ff.o
 .text.sum_sfn  0x000000000800be02       0x42 Middlewares/Third_Party/FatFs/src/ff.o
 .text.xdir_sum
                0x000000000800be44       0x66 Middlewares/Third_Party/FatFs/src/ff.o
 .text.xname_sum
                0x000000000800beaa       0x68 Middlewares/Third_Party/FatFs/src/ff.o
 .text.get_xdir_info
                0x000000000800bf12      0x104 Middlewares/Third_Party/FatFs/src/ff.o
 *fill*         0x000000000800c016        0x2 
 .text.load_xdir
                0x000000000800c018      0x17c Middlewares/Third_Party/FatFs/src/ff.o
 .text.load_obj_dir
                0x000000000800c194       0x7a Middlewares/Third_Party/FatFs/src/ff.o
 .text.store_xdir
                0x000000000800c20e       0xb6 Middlewares/Third_Party/FatFs/src/ff.o
 .text.create_xdir
                0x000000000800c2c4       0xce Middlewares/Third_Party/FatFs/src/ff.o
 .text.dir_read
                0x000000000800c392      0x18e Middlewares/Third_Party/FatFs/src/ff.o
 .text.dir_find
                0x000000000800c520      0x252 Middlewares/Third_Party/FatFs/src/ff.o
 *fill*         0x000000000800c772        0x2 
 .text.dir_register
                0x000000000800c774      0x360 Middlewares/Third_Party/FatFs/src/ff.o
 .text.get_fileinfo
                0x000000000800cad4      0x1d6 Middlewares/Third_Party/FatFs/src/ff.o
 *fill*         0x000000000800ccaa        0x2 
 .text.create_name
                0x000000000800ccac      0x370 Middlewares/Third_Party/FatFs/src/ff.o
 .text.follow_path
                0x000000000800d01c      0x15a Middlewares/Third_Party/FatFs/src/ff.o
 .text.get_ldnumber
                0x000000000800d176       0x88 Middlewares/Third_Party/FatFs/src/ff.o
 *fill*         0x000000000800d1fe        0x2 
 .text.check_fs
                0x000000000800d200       0xc8 Middlewares/Third_Party/FatFs/src/ff.o
 .text.find_volume
                0x000000000800d2c8      0x724 Middlewares/Third_Party/FatFs/src/ff.o
 .text.validate
                0x000000000800d9ec       0x6a Middlewares/Third_Party/FatFs/src/ff.o
 *fill*         0x000000000800da56        0x2 
 .text.f_mount  0x000000000800da58       0x8c Middlewares/Third_Party/FatFs/src/ff.o
                0x000000000800da58                f_mount
 .text.f_open   0x000000000800dae4      0x576 Middlewares/Third_Party/FatFs/src/ff.o
                0x000000000800dae4                f_open
 .text.f_read   0x000000000800e05a      0x32a Middlewares/Third_Party/FatFs/src/ff.o
                0x000000000800e05a                f_read
 .text.f_lseek  0x000000000800e384      0x61a Middlewares/Third_Party/FatFs/src/ff.o
                0x000000000800e384                f_lseek
 .text.f_opendir
                0x000000000800e99e      0x150 Middlewares/Third_Party/FatFs/src/ff.o
                0x000000000800e99e                f_opendir
 .text.f_closedir
                0x000000000800eaee       0x4c Middlewares/Third_Party/FatFs/src/ff.o
                0x000000000800eaee                f_closedir
 .text.f_readdir
                0x000000000800eb3a       0x7a Middlewares/Third_Party/FatFs/src/ff.o
                0x000000000800eb3a                f_readdir
 .text.f_stat   0x000000000800ebb4       0x72 Middlewares/Third_Party/FatFs/src/ff.o
                0x000000000800ebb4                f_stat
 *fill*         0x000000000800ec26        0x2 
 .text.FATFS_LinkDriverEx
                0x000000000800ec28       0x98 Middlewares/Third_Party/FatFs/src/ff_gen_drv.o
                0x000000000800ec28                FATFS_LinkDriverEx
 .text.FATFS_LinkDriver
                0x000000000800ecc0       0x1e Middlewares/Third_Party/FatFs/src/ff_gen_drv.o
                0x000000000800ecc0                FATFS_LinkDriver
 *fill*         0x000000000800ecde        0x2 
 .text.ff_convert
                0x000000000800ece0       0x78 Middlewares/Third_Party/FatFs/src/option/ccsbcs.o
                0x000000000800ece0                ff_convert
 .text.ff_wtoupper
                0x000000000800ed58      0x114 Middlewares/Third_Party/FatFs/src/option/ccsbcs.o
                0x000000000800ed58                ff_wtoupper
 .text.MX_USB_HOST_Init
                0x000000000800ee6c       0x4c USB_HOST/App/usb_host.o
                0x000000000800ee6c                MX_USB_HOST_Init
 .text.MX_USB_HOST_Process
                0x000000000800eeb8       0x14 USB_HOST/App/usb_host.o
                0x000000000800eeb8                MX_USB_HOST_Process
 .text.USBH_UserProcess
                0x000000000800eecc       0x70 USB_HOST/App/usb_host.o
 .text.HAL_HCD_MspInit
                0x000000000800ef3c       0xc4 USB_HOST/Target/usbh_conf.o
                0x000000000800ef3c                HAL_HCD_MspInit
 .text.HAL_HCD_SOF_Callback
                0x000000000800f000       0x1c USB_HOST/Target/usbh_conf.o
                0x000000000800f000                HAL_HCD_SOF_Callback
 .text.HAL_HCD_Connect_Callback
                0x000000000800f01c       0x1c USB_HOST/Target/usbh_conf.o
                0x000000000800f01c                HAL_HCD_Connect_Callback
 .text.HAL_HCD_Disconnect_Callback
                0x000000000800f038       0x1c USB_HOST/Target/usbh_conf.o
                0x000000000800f038                HAL_HCD_Disconnect_Callback
 .text.HAL_HCD_HC_NotifyURBChange_Callback
                0x000000000800f054       0x1c USB_HOST/Target/usbh_conf.o
                0x000000000800f054                HAL_HCD_HC_NotifyURBChange_Callback
 .text.HAL_HCD_PortEnabled_Callback
                0x000000000800f070       0x1c USB_HOST/Target/usbh_conf.o
                0x000000000800f070                HAL_HCD_PortEnabled_Callback
 .text.HAL_HCD_PortDisabled_Callback
                0x000000000800f08c       0x1c USB_HOST/Target/usbh_conf.o
                0x000000000800f08c                HAL_HCD_PortDisabled_Callback
 .text.USBH_LL_Init
                0x000000000800f0a8       0x78 USB_HOST/Target/usbh_conf.o
                0x000000000800f0a8                USBH_LL_Init
 .text.USBH_LL_Start
                0x000000000800f120       0x36 USB_HOST/Target/usbh_conf.o
                0x000000000800f120                USBH_LL_Start
 .text.USBH_LL_Stop
                0x000000000800f156       0x36 USB_HOST/Target/usbh_conf.o
                0x000000000800f156                USBH_LL_Stop
 .text.USBH_LL_GetSpeed
                0x000000000800f18c       0x4a USB_HOST/Target/usbh_conf.o
                0x000000000800f18c                USBH_LL_GetSpeed
 .text.USBH_LL_ResetPort
                0x000000000800f1d6       0x36 USB_HOST/Target/usbh_conf.o
                0x000000000800f1d6                USBH_LL_ResetPort
 .text.USBH_LL_GetLastXferSize
                0x000000000800f20c       0x26 USB_HOST/Target/usbh_conf.o
                0x000000000800f20c                USBH_LL_GetLastXferSize
 .text.USBH_LL_OpenPipe
                0x000000000800f232       0x5e USB_HOST/Target/usbh_conf.o
                0x000000000800f232                USBH_LL_OpenPipe
 .text.USBH_LL_ClosePipe
                0x000000000800f290       0x3e USB_HOST/Target/usbh_conf.o
                0x000000000800f290                USBH_LL_ClosePipe
 .text.USBH_LL_SubmitURB
                0x000000000800f2ce       0x62 USB_HOST/Target/usbh_conf.o
                0x000000000800f2ce                USBH_LL_SubmitURB
 .text.USBH_LL_GetURBState
                0x000000000800f330       0x26 USB_HOST/Target/usbh_conf.o
                0x000000000800f330                USBH_LL_GetURBState
 .text.USBH_LL_DriverVBUS
                0x000000000800f356       0x2e USB_HOST/Target/usbh_conf.o
                0x000000000800f356                USBH_LL_DriverVBUS
 .text.USBH_LL_SetToggle
                0x000000000800f384       0x66 USB_HOST/Target/usbh_conf.o
                0x000000000800f384                USBH_LL_SetToggle
 .text.USBH_LL_GetToggle
                0x000000000800f3ea       0x66 USB_HOST/Target/usbh_conf.o
                0x000000000800f3ea                USBH_LL_GetToggle
 .text.USBH_Delay
                0x000000000800f450       0x16 USB_HOST/Target/usbh_conf.o
                0x000000000800f450                USBH_Delay
 *fill*         0x000000000800f466        0x2 
 .text.USBH_Get_USB_Status
                0x000000000800f468       0x58 USB_HOST/Target/usbh_conf.o
                0x000000000800f468                USBH_Get_USB_Status
 .text.MX_DriverVbusFS
                0x000000000800f4c0       0x38 USB_HOST/Target/usbh_platform.o
                0x000000000800f4c0                MX_DriverVbusFS
 .text.__errno  0x000000000800f4f8        0xc c:/st/stm32cubeide_1.5.0/stm32cubeide/plugins/com.st.stm32cube.ide.mcu.externaltools.gnu-tools-for-stm32.7-2018-q2-update.win32_1.5.0.202011040924/tools/bin/../lib/gcc/arm-none-eabi/7.3.1/../../../../arm-none-eabi/lib/thumb/v7e-m/fpv4-sp/hard\libc_nano.a(lib_a-errno.o)
                0x000000000800f4f8                __errno
 .text.__libc_init_array
                0x000000000800f504       0x48 c:/st/stm32cubeide_1.5.0/stm32cubeide/plugins/com.st.stm32cube.ide.mcu.externaltools.gnu-tools-for-stm32.7-2018-q2-update.win32_1.5.0.202011040924/tools/bin/../lib/gcc/arm-none-eabi/7.3.1/../../../../arm-none-eabi/lib/thumb/v7e-m/fpv4-sp/hard\libc_nano.a(lib_a-init.o)
                0x000000000800f504                __libc_init_array
 .text.malloc   0x000000000800f54c       0x10 c:/st/stm32cubeide_1.5.0/stm32cubeide/plugins/com.st.stm32cube.ide.mcu.externaltools.gnu-tools-for-stm32.7-2018-q2-update.win32_1.5.0.202011040924/tools/bin/../lib/gcc/arm-none-eabi/7.3.1/../../../../arm-none-eabi/lib/thumb/v7e-m/fpv4-sp/hard\libc_nano.a(lib_a-malloc.o)
                0x000000000800f54c                malloc
 .text.free     0x000000000800f55c       0x10 c:/st/stm32cubeide_1.5.0/stm32cubeide/plugins/com.st.stm32cube.ide.mcu.externaltools.gnu-tools-for-stm32.7-2018-q2-update.win32_1.5.0.202011040924/tools/bin/../lib/gcc/arm-none-eabi/7.3.1/../../../../arm-none-eabi/lib/thumb/v7e-m/fpv4-sp/hard\libc_nano.a(lib_a-malloc.o)
                0x000000000800f55c                free
 .text.memcpy   0x000000000800f56c       0x16 c:/st/stm32cubeide_1.5.0/stm32cubeide/plugins/com.st.stm32cube.ide.mcu.externaltools.gnu-tools-for-stm32.7-2018-q2-update.win32_1.5.0.202011040924/tools/bin/../lib/gcc/arm-none-eabi/7.3.1/../../../../arm-none-eabi/lib/thumb/v7e-m/fpv4-sp/hard\libc_nano.a(lib_a-memcpy-stub.o)
                0x000000000800f56c                memcpy
 .text.memset   0x000000000800f582       0x10 c:/st/stm32cubeide_1.5.0/stm32cubeide/plugins/com.st.stm32cube.ide.mcu.externaltools.gnu-tools-for-stm32.7-2018-q2-update.win32_1.5.0.202011040924/tools/bin/../lib/gcc/arm-none-eabi/7.3.1/../../../../arm-none-eabi/lib/thumb/v7e-m/fpv4-sp/hard\libc_nano.a(lib_a-memset.o)
                0x000000000800f582                memset
 *fill*         0x000000000800f592        0x2 
 .text._free_r  0x000000000800f594       0x9c c:/st/stm32cubeide_1.5.0/stm32cubeide/plugins/com.st.stm32cube.ide.mcu.externaltools.gnu-tools-for-stm32.7-2018-q2-update.win32_1.5.0.202011040924/tools/bin/../lib/gcc/arm-none-eabi/7.3.1/../../../../arm-none-eabi/lib/thumb/v7e-m/fpv4-sp/hard\libc_nano.a(lib_a-nano-freer.o)
                0x000000000800f594                _free_r
 .text._malloc_r
                0x000000000800f630       0xb4 c:/st/stm32cubeide_1.5.0/stm32cubeide/plugins/com.st.stm32cube.ide.mcu.externaltools.gnu-tools-for-stm32.7-2018-q2-update.win32_1.5.0.202011040924/tools/bin/../lib/gcc/arm-none-eabi/7.3.1/../../../../arm-none-eabi/lib/thumb/v7e-m/fpv4-sp/hard\libc_nano.a(lib_a-nano-mallocr.o)
                0x000000000800f630                _malloc_r
 .text._sbrk_r  0x000000000800f6e4       0x20 c:/st/stm32cubeide_1.5.0/stm32cubeide/plugins/com.st.stm32cube.ide.mcu.externaltools.gnu-tools-for-stm32.7-2018-q2-update.win32_1.5.0.202011040924/tools/bin/../lib/gcc/arm-none-eabi/7.3.1/../../../../arm-none-eabi/lib/thumb/v7e-m/fpv4-sp/hard\libc_nano.a(lib_a-sbrkr.o)
                0x000000000800f6e4                _sbrk_r
 .text.strcpy   0x000000000800f704       0x10 c:/st/stm32cubeide_1.5.0/stm32cubeide/plugins/com.st.stm32cube.ide.mcu.externaltools.gnu-tools-for-stm32.7-2018-q2-update.win32_1.5.0.202011040924/tools/bin/../lib/gcc/arm-none-eabi/7.3.1/../../../../arm-none-eabi/lib/thumb/v7e-m/fpv4-sp/hard\libc_nano.a(lib_a-strcpy.o)
                0x000000000800f704                strcpy
 .text.__malloc_lock
                0x000000000800f714        0x2 c:/st/stm32cubeide_1.5.0/stm32cubeide/plugins/com.st.stm32cube.ide.mcu.externaltools.gnu-tools-for-stm32.7-2018-q2-update.win32_1.5.0.202011040924/tools/bin/../lib/gcc/arm-none-eabi/7.3.1/../../../../arm-none-eabi/lib/thumb/v7e-m/fpv4-sp/hard\libc_nano.a(lib_a-mlock.o)
                0x000000000800f714                __malloc_lock
 .text.__malloc_unlock
                0x000000000800f716        0x2 c:/st/stm32cubeide_1.5.0/stm32cubeide/plugins/com.st.stm32cube.ide.mcu.externaltools.gnu-tools-for-stm32.7-2018-q2-update.win32_1.5.0.202011040924/tools/bin/../lib/gcc/arm-none-eabi/7.3.1/../../../../arm-none-eabi/lib/thumb/v7e-m/fpv4-sp/hard\libc_nano.a(lib_a-mlock.o)
                0x000000000800f716                __malloc_unlock
 *(.glue_7)
 .glue_7        0x000000000800f718        0x0 linker stubs
 *(.glue_7t)
 .glue_7t       0x000000000800f718        0x0 linker stubs
 *(.eh_frame)
 .eh_frame      0x000000000800f718        0x0 c:/st/stm32cubeide_1.5.0/stm32cubeide/plugins/com.st.stm32cube.ide.mcu.externaltools.gnu-tools-for-stm32.7-2018-q2-update.win32_1.5.0.202011040924/tools/bin/../lib/gcc/arm-none-eabi/7.3.1/thumb/v7e-m/fpv4-sp/hard/crtbegin.o
 *(.init)
 .init          0x000000000800f718        0x4 c:/st/stm32cubeide_1.5.0/stm32cubeide/plugins/com.st.stm32cube.ide.mcu.externaltools.gnu-tools-for-stm32.7-2018-q2-update.win32_1.5.0.202011040924/tools/bin/../lib/gcc/arm-none-eabi/7.3.1/thumb/v7e-m/fpv4-sp/hard/crti.o
                0x000000000800f718                _init
 .init          0x000000000800f71c        0x8 c:/st/stm32cubeide_1.5.0/stm32cubeide/plugins/com.st.stm32cube.ide.mcu.externaltools.gnu-tools-for-stm32.7-2018-q2-update.win32_1.5.0.202011040924/tools/bin/../lib/gcc/arm-none-eabi/7.3.1/thumb/v7e-m/fpv4-sp/hard/crtn.o
 *(.fini)
 .fini          0x000000000800f724        0x4 c:/st/stm32cubeide_1.5.0/stm32cubeide/plugins/com.st.stm32cube.ide.mcu.externaltools.gnu-tools-for-stm32.7-2018-q2-update.win32_1.5.0.202011040924/tools/bin/../lib/gcc/arm-none-eabi/7.3.1/thumb/v7e-m/fpv4-sp/hard/crti.o
                0x000000000800f724                _fini
 .fini          0x000000000800f728        0x8 c:/st/stm32cubeide_1.5.0/stm32cubeide/plugins/com.st.stm32cube.ide.mcu.externaltools.gnu-tools-for-stm32.7-2018-q2-update.win32_1.5.0.202011040924/tools/bin/../lib/gcc/arm-none-eabi/7.3.1/thumb/v7e-m/fpv4-sp/hard/crtn.o
                0x000000000800f730                . = ALIGN (0x4)
                0x000000000800f730                _etext = .

.vfp11_veneer   0x000000000800f730        0x0
 .vfp11_veneer  0x000000000800f730        0x0 linker stubs

.v4_bx          0x000000000800f730        0x0
 .v4_bx         0x000000000800f730        0x0 linker stubs

.iplt           0x000000000800f730        0x0
 .iplt          0x000000000800f730        0x0 c:/st/stm32cubeide_1.5.0/stm32cubeide/plugins/com.st.stm32cube.ide.mcu.externaltools.gnu-tools-for-stm32.7-2018-q2-update.win32_1.5.0.202011040924/tools/bin/../lib/gcc/arm-none-eabi/7.3.1/thumb/v7e-m/fpv4-sp/hard/crtbegin.o

.rodata         0x000000000800f730      0x794
                0x000000000800f730                . = ALIGN (0x4)
 *(.rodata)
 .rodata        0x000000000800f730       0xe8 Core/Src/usb_FH.o
 .rodata        0x000000000800f818        0x4 Middlewares/ST/STM32_USB_Host_Library/Class/MSC/Src/usbh_msc.o
 .rodata        0x000000000800f81c       0x54 Middlewares/Third_Party/FatFs/src/ff.o
 *(.rodata*)
 .rodata.font   0x000000000800f870      0x1e0 Core/Src/jhd12864e.o
                0x000000000800f870                font
 .rodata.cursor
                0x000000000800fa50        0x5 Core/Src/jhd12864e.o
 *fill*         0x000000000800fa55        0x3 
 .rodata.AHBPrescTable
                0x000000000800fa58       0x10 Core/Src/system_stm32f4xx.o
                0x000000000800fa58                AHBPrescTable
 .rodata.APBPrescTable
                0x000000000800fa68        0x8 Core/Src/system_stm32f4xx.o
                0x000000000800fa68                APBPrescTable
 .rodata.USBH_Driver
                0x000000000800fa70       0x14 FATFS/Target/usbh_diskio.o
                0x000000000800fa70                USBH_Driver
 .rodata.ExCvt  0x000000000800fa84       0x80 Middlewares/Third_Party/FatFs/src/ff.o
 .rodata.LfnOfs
                0x000000000800fb04        0xd Middlewares/Third_Party/FatFs/src/ff.o
 *fill*         0x000000000800fb11        0x3 
 .rodata.Tbl    0x000000000800fb14      0x100 Middlewares/Third_Party/FatFs/src/option/ccsbcs.o
 .rodata.cvt1.10861
                0x000000000800fc14      0x1f2 Middlewares/Third_Party/FatFs/src/option/ccsbcs.o
 *fill*         0x000000000800fe06        0x2 
 .rodata.cvt2.10862
                0x000000000800fe08       0xbc Middlewares/Third_Party/FatFs/src/option/ccsbcs.o
                0x000000000800fec4                . = ALIGN (0x4)

.ARM.extab      0x000000000800fec4        0x0
                0x000000000800fec4                . = ALIGN (0x4)
 *(.ARM.extab* .gnu.linkonce.armextab.*)
                0x000000000800fec4                . = ALIGN (0x4)

.ARM            0x000000000800fec4        0x8
                0x000000000800fec4                . = ALIGN (0x4)
                0x000000000800fec4                __exidx_start = .
 *(.ARM.exidx*)
 .ARM.exidx     0x000000000800fec4        0x8 c:/st/stm32cubeide_1.5.0/stm32cubeide/plugins/com.st.stm32cube.ide.mcu.externaltools.gnu-tools-for-stm32.7-2018-q2-update.win32_1.5.0.202011040924/tools/bin/../lib/gcc/arm-none-eabi/7.3.1/thumb/v7e-m/fpv4-sp/hard\libgcc.a(_udivmoddi4.o)
                0x000000000800fecc                __exidx_end = .
                0x000000000800fecc                . = ALIGN (0x4)

.rel.dyn        0x000000000800fecc        0x0
 .rel.iplt      0x000000000800fecc        0x0 c:/st/stm32cubeide_1.5.0/stm32cubeide/plugins/com.st.stm32cube.ide.mcu.externaltools.gnu-tools-for-stm32.7-2018-q2-update.win32_1.5.0.202011040924/tools/bin/../lib/gcc/arm-none-eabi/7.3.1/thumb/v7e-m/fpv4-sp/hard/crtbegin.o

.preinit_array  0x000000000800fecc        0x0
                0x000000000800fecc                . = ALIGN (0x4)
                0x000000000800fecc                PROVIDE (__preinit_array_start = .)
 *(.preinit_array*)
                0x000000000800fecc                PROVIDE (__preinit_array_end = .)
                0x000000000800fecc                . = ALIGN (0x4)

.init_array     0x000000000800fecc        0x4
                0x000000000800fecc                . = ALIGN (0x4)
                0x000000000800fecc                PROVIDE (__init_array_start = .)
 *(SORT_BY_NAME(.init_array.*))
 *(.init_array*)
 .init_array    0x000000000800fecc        0x4 c:/st/stm32cubeide_1.5.0/stm32cubeide/plugins/com.st.stm32cube.ide.mcu.externaltools.gnu-tools-for-stm32.7-2018-q2-update.win32_1.5.0.202011040924/tools/bin/../lib/gcc/arm-none-eabi/7.3.1/thumb/v7e-m/fpv4-sp/hard/crtbegin.o
                0x000000000800fed0                PROVIDE (__init_array_end = .)
                0x000000000800fed0                . = ALIGN (0x4)

.fini_array     0x000000000800fed0        0x4
                0x000000000800fed0                . = ALIGN (0x4)
                [!provide]                        PROVIDE (__fini_array_start = .)
 *(SORT_BY_NAME(.fini_array.*))
 *(.fini_array*)
 .fini_array    0x000000000800fed0        0x4 c:/st/stm32cubeide_1.5.0/stm32cubeide/plugins/com.st.stm32cube.ide.mcu.externaltools.gnu-tools-for-stm32.7-2018-q2-update.win32_1.5.0.202011040924/tools/bin/../lib/gcc/arm-none-eabi/7.3.1/thumb/v7e-m/fpv4-sp/hard/crtbegin.o
                [!provide]                        PROVIDE (__fini_array_end = .)
                0x000000000800fed4                . = ALIGN (0x4)
                0x000000000800fed4                _sidata = LOADADDR (.data)

.data           0x0000000020000000       0x94 load address 0x000000000800fed4
                0x0000000020000000                . = ALIGN (0x4)
                0x0000000020000000                _sdata = .
 *(.data)
 *(.data*)
 .data.select_flag
                0x0000000020000000        0x1 Core/Src/main.o
                0x0000000020000000                select_flag
 *fill*         0x0000000020000001        0x3 
 .data.SystemCoreClock
                0x0000000020000004        0x4 Core/Src/system_stm32f4xx.o
                0x0000000020000004                SystemCoreClock
 .data.uwTickPrio
                0x0000000020000008        0x4 Drivers/STM32F4xx_HAL_Driver/Src/stm32f4xx_hal.o
                0x0000000020000008                uwTickPrio
 .data.uwTickFreq
                0x000000002000000c        0x1 Drivers/STM32F4xx_HAL_Driver/Src/stm32f4xx_hal.o
                0x000000002000000c                uwTickFreq
 *fill*         0x000000002000000d        0x3 
 .data.USBH_msc
                0x0000000020000010       0x20 Middlewares/ST/STM32_USB_Host_Library/Class/MSC/Src/usbh_msc.o
                0x0000000020000010                USBH_msc
 .data._impure_ptr
                0x0000000020000030        0x4 c:/st/stm32cubeide_1.5.0/stm32cubeide/plugins/com.st.stm32cube.ide.mcu.externaltools.gnu-tools-for-stm32.7-2018-q2-update.win32_1.5.0.202011040924/tools/bin/../lib/gcc/arm-none-eabi/7.3.1/../../../../arm-none-eabi/lib/thumb/v7e-m/fpv4-sp/hard\libc_nano.a(lib_a-impure.o)
                0x0000000020000030                _impure_ptr
 .data.impure_data
                0x0000000020000034       0x60 c:/st/stm32cubeide_1.5.0/stm32cubeide/plugins/com.st.stm32cube.ide.mcu.externaltools.gnu-tools-for-stm32.7-2018-q2-update.win32_1.5.0.202011040924/tools/bin/../lib/gcc/arm-none-eabi/7.3.1/../../../../arm-none-eabi/lib/thumb/v7e-m/fpv4-sp/hard\libc_nano.a(lib_a-impure.o)
                0x0000000020000094                . = ALIGN (0x4)
                0x0000000020000094                _edata = .

.igot.plt       0x0000000020000094        0x0 load address 0x000000000800ff68
 .igot.plt      0x0000000020000094        0x0 c:/st/stm32cubeide_1.5.0/stm32cubeide/plugins/com.st.stm32cube.ide.mcu.externaltools.gnu-tools-for-stm32.7-2018-q2-update.win32_1.5.0.202011040924/tools/bin/../lib/gcc/arm-none-eabi/7.3.1/thumb/v7e-m/fpv4-sp/hard/crtbegin.o
                0x0000000020000094                . = ALIGN (0x4)

.bss            0x0000000020000098     0x2f70 load address 0x000000000800ff68
                0x0000000020000098                _sbss = .
                0x0000000020000098                __bss_start__ = _sbss
 *(.bss)
 .bss           0x0000000020000098       0x1c c:/st/stm32cubeide_1.5.0/stm32cubeide/plugins/com.st.stm32cube.ide.mcu.externaltools.gnu-tools-for-stm32.7-2018-q2-update.win32_1.5.0.202011040924/tools/bin/../lib/gcc/arm-none-eabi/7.3.1/thumb/v7e-m/fpv4-sp/hard/crtbegin.o
 *(.bss*)
 .bss.glcd_handle
                0x00000000200000b4       0xd8 Core/Src/jhd12864e.o
                0x00000000200000b4                glcd_handle
 .bss.offset.11106
                0x000000002000018c        0x2 Core/Src/main.o
 *fill*         0x000000002000018e        0x2 
 .bss.slave_lines
                0x0000000020000190       0x48 Core/Src/pca9698.o
 .bss.__sbrk_heap_end
                0x00000000200001d8        0x4 Core/Src/sysmem.o
 .bss.br.11024  0x00000000200001dc        0x4 Core/Src/usb_FH.o
 .bss.tmpreg.8691
                0x00000000200001e0        0x4 Drivers/STM32F4xx_HAL_Driver/Src/stm32f4xx_ll_usb.o
 .bss.FatFs     0x00000000200001e4        0x4 Middlewares/Third_Party/FatFs/src/ff.o
 .bss.Fsid      0x00000000200001e8        0x2 Middlewares/Third_Party/FatFs/src/ff.o
 *fill*         0x00000000200001ea        0x2 
 .bss.Files     0x00000000200001ec       0x20 Middlewares/Third_Party/FatFs/src/ff.o
 .bss.DirBuf    0x000000002000020c      0x260 Middlewares/Third_Party/FatFs/src/ff.o
 .bss.LfnBuf    0x000000002000046c      0x200 Middlewares/Third_Party/FatFs/src/ff.o
 .bss.disk      0x000000002000066c        0xc Middlewares/Third_Party/FatFs/src/ff_gen_drv.o
                0x000000002000066c                disk
 .bss.Appli_state
                0x0000000020000678        0x1 USB_HOST/App/usb_host.o
                0x0000000020000678                Appli_state
 *fill*         0x0000000020000679        0x3 
 .bss.__malloc_free_list
                0x000000002000067c        0x4 c:/st/stm32cubeide_1.5.0/stm32cubeide/plugins/com.st.stm32cube.ide.mcu.externaltools.gnu-tools-for-stm32.7-2018-q2-update.win32_1.5.0.202011040924/tools/bin/../lib/gcc/arm-none-eabi/7.3.1/../../../../arm-none-eabi/lib/thumb/v7e-m/fpv4-sp/hard\libc_nano.a(lib_a-nano-mallocr.o)
                0x000000002000067c                __malloc_free_list
 .bss.__malloc_sbrk_start
                0x0000000020000680        0x4 c:/st/stm32cubeide_1.5.0/stm32cubeide/plugins/com.st.stm32cube.ide.mcu.externaltools.gnu-tools-for-stm32.7-2018-q2-update.win32_1.5.0.202011040924/tools/bin/../lib/gcc/arm-none-eabi/7.3.1/../../../../arm-none-eabi/lib/thumb/v7e-m/fpv4-sp/hard\libc_nano.a(lib_a-nano-mallocr.o)
                0x0000000020000680                __malloc_sbrk_start
 *(COMMON)
 COMMON         0x0000000020000684       0xec Core/Src/main.o
                0x0000000020000684                hi2c3
                0x00000000200006d8                hi2c2
                0x000000002000072c                filecount
                0x0000000020000730                htim1
 COMMON         0x0000000020000770      0x150 Core/Src/usb_FH.o
                0x0000000020000770                path
                0x0000000020000784                buf
                0x0000000020000798                fresult
                0x00000000200007a0                USBHfno
 COMMON         0x00000000200008c0        0x4 Drivers/STM32F4xx_HAL_Driver/Src/stm32f4xx_hal.o
                0x00000000200008c0                uwTick
 *fill*         0x00000000200008c4        0x4 
 COMMON         0x00000000200008c8     0x209d FATFS/App/fatfs.o
                0x00000000200008c8                USBHPath
                0x00000000200008d0                USBHFile
                0x0000000020001928                USBHFatFS
                0x0000000020002964                retUSBH
 *fill*         0x0000000020002965        0x3 
 COMMON         0x0000000020002968      0x3d8 USB_HOST/App/usb_host.o
                0x0000000020002968                hUsbHostFS
 COMMON         0x0000000020002d40      0x2c4 USB_HOST/Target/usbh_conf.o
                0x0000000020002d40                hhcd_USB_OTG_FS
 COMMON         0x0000000020003004        0x4 c:/st/stm32cubeide_1.5.0/stm32cubeide/plugins/com.st.stm32cube.ide.mcu.externaltools.gnu-tools-for-stm32.7-2018-q2-update.win32_1.5.0.202011040924/tools/bin/../lib/gcc/arm-none-eabi/7.3.1/../../../../arm-none-eabi/lib/thumb/v7e-m/fpv4-sp/hard\libc_nano.a(lib_a-reent.o)
                0x0000000020003004                errno
                0x0000000020003008                . = ALIGN (0x4)
                0x0000000020003008                _ebss = .
                0x0000000020003008                __bss_end__ = _ebss

._user_heap_stack
                0x0000000020003008      0x600 load address 0x000000000800ff68
                0x0000000020003008                . = ALIGN (0x8)
                [!provide]                        PROVIDE (end = .)
                0x0000000020003008                PROVIDE (_end = .)
                0x0000000020003208                . = (. + _Min_Heap_Size)
 *fill*         0x0000000020003008      0x200 
                0x0000000020003608                . = (. + _Min_Stack_Size)
 *fill*         0x0000000020003208      0x400 
                0x0000000020003608                . = ALIGN (0x8)

/DISCARD/
 libc.a(*)
 libm.a(*)
 libgcc.a(*)

.ARM.attributes
                0x0000000000000000       0x30
 *(.ARM.attributes)
 .ARM.attributes
                0x0000000000000000       0x22 c:/st/stm32cubeide_1.5.0/stm32cubeide/plugins/com.st.stm32cube.ide.mcu.externaltools.gnu-tools-for-stm32.7-2018-q2-update.win32_1.5.0.202011040924/tools/bin/../lib/gcc/arm-none-eabi/7.3.1/thumb/v7e-m/fpv4-sp/hard/crti.o
 .ARM.attributes
                0x0000000000000022       0x34 c:/st/stm32cubeide_1.5.0/stm32cubeide/plugins/com.st.stm32cube.ide.mcu.externaltools.gnu-tools-for-stm32.7-2018-q2-update.win32_1.5.0.202011040924/tools/bin/../lib/gcc/arm-none-eabi/7.3.1/thumb/v7e-m/fpv4-sp/hard/crtbegin.o
 .ARM.attributes
                0x0000000000000056       0x39 Core/Src/jhd12864e.o
 .ARM.attributes
                0x000000000000008f       0x39 Core/Src/main.o
 .ARM.attributes
                0x00000000000000c8       0x39 Core/Src/pca9698.o
 .ARM.attributes
                0x0000000000000101       0x39 Core/Src/stm32f4xx_hal_msp.o
 .ARM.attributes
                0x000000000000013a       0x39 Core/Src/stm32f4xx_it.o
 .ARM.attributes
                0x0000000000000173       0x39 Core/Src/sysmem.o
 .ARM.attributes
                0x00000000000001ac       0x39 Core/Src/system_stm32f4xx.o
 .ARM.attributes
                0x00000000000001e5       0x39 Core/Src/usb_FH.o
 .ARM.attributes
                0x000000000000021e       0x21 Core/Startup/startup_stm32f407vgtx.o
 .ARM.attributes
                0x000000000000023f       0x39 Drivers/STM32F4xx_HAL_Driver/Src/stm32f4xx_hal.o
 .ARM.attributes
                0x0000000000000278       0x39 Drivers/STM32F4xx_HAL_Driver/Src/stm32f4xx_hal_cortex.o
 .ARM.attributes
                0x00000000000002b1       0x39 Drivers/STM32F4xx_HAL_Driver/Src/stm32f4xx_hal_dma.o
 .ARM.attributes
                0x00000000000002ea       0x39 Drivers/STM32F4xx_HAL_Driver/Src/stm32f4xx_hal_gpio.o
 .ARM.attributes
                0x0000000000000323       0x39 Drivers/STM32F4xx_HAL_Driver/Src/stm32f4xx_hal_hcd.o
 .ARM.attributes
                0x000000000000035c       0x39 Drivers/STM32F4xx_HAL_Driver/Src/stm32f4xx_hal_i2c.o
 .ARM.attributes
                0x0000000000000395       0x39 Drivers/STM32F4xx_HAL_Driver/Src/stm32f4xx_hal_rcc.o
 .ARM.attributes
                0x00000000000003ce       0x39 Drivers/STM32F4xx_HAL_Driver/Src/stm32f4xx_hal_tim.o
 .ARM.attributes
                0x0000000000000407       0x39 Drivers/STM32F4xx_HAL_Driver/Src/stm32f4xx_hal_tim_ex.o
 .ARM.attributes
                0x0000000000000440       0x39 Drivers/STM32F4xx_HAL_Driver/Src/stm32f4xx_ll_usb.o
 .ARM.attributes
                0x0000000000000479       0x39 FATFS/App/fatfs.o
 .ARM.attributes
                0x00000000000004b2       0x39 FATFS/Target/usbh_diskio.o
 .ARM.attributes
                0x00000000000004eb       0x39 Middlewares/ST/STM32_USB_Host_Library/Class/MSC/Src/usbh_msc.o
 .ARM.attributes
                0x0000000000000524       0x39 Middlewares/ST/STM32_USB_Host_Library/Class/MSC/Src/usbh_msc_bot.o
 .ARM.attributes
                0x000000000000055d       0x39 Middlewares/ST/STM32_USB_Host_Library/Class/MSC/Src/usbh_msc_scsi.o
 .ARM.attributes
                0x0000000000000596       0x39 Middlewares/ST/STM32_USB_Host_Library/Core/Src/usbh_core.o
 .ARM.attributes
                0x00000000000005cf       0x39 Middlewares/ST/STM32_USB_Host_Library/Core/Src/usbh_ctlreq.o
 .ARM.attributes
                0x0000000000000608       0x39 Middlewares/ST/STM32_USB_Host_Library/Core/Src/usbh_ioreq.o
 .ARM.attributes
                0x0000000000000641       0x39 Middlewares/ST/STM32_USB_Host_Library/Core/Src/usbh_pipes.o
 .ARM.attributes
                0x000000000000067a       0x39 Middlewares/Third_Party/FatFs/src/diskio.o
 .ARM.attributes
                0x00000000000006b3       0x39 Middlewares/Third_Party/FatFs/src/ff.o
 .ARM.attributes
                0x00000000000006ec       0x39 Middlewares/Third_Party/FatFs/src/ff_gen_drv.o
 .ARM.attributes
                0x0000000000000725       0x39 Middlewares/Third_Party/FatFs/src/option/ccsbcs.o
 .ARM.attributes
                0x000000000000075e       0x39 USB_HOST/App/usb_host.o
 .ARM.attributes
                0x0000000000000797       0x39 USB_HOST/Target/usbh_conf.o
 .ARM.attributes
                0x00000000000007d0       0x39 USB_HOST/Target/usbh_platform.o
 .ARM.attributes
                0x0000000000000809       0x34 c:/st/stm32cubeide_1.5.0/stm32cubeide/plugins/com.st.stm32cube.ide.mcu.externaltools.gnu-tools-for-stm32.7-2018-q2-update.win32_1.5.0.202011040924/tools/bin/../lib/gcc/arm-none-eabi/7.3.1/../../../../arm-none-eabi/lib/thumb/v7e-m/fpv4-sp/hard\libc_nano.a(lib_a-errno.o)
 .ARM.attributes
                0x000000000000083d       0x34 c:/st/stm32cubeide_1.5.0/stm32cubeide/plugins/com.st.stm32cube.ide.mcu.externaltools.gnu-tools-for-stm32.7-2018-q2-update.win32_1.5.0.202011040924/tools/bin/../lib/gcc/arm-none-eabi/7.3.1/../../../../arm-none-eabi/lib/thumb/v7e-m/fpv4-sp/hard\libc_nano.a(lib_a-impure.o)
 .ARM.attributes
                0x0000000000000871       0x34 c:/st/stm32cubeide_1.5.0/stm32cubeide/plugins/com.st.stm32cube.ide.mcu.externaltools.gnu-tools-for-stm32.7-2018-q2-update.win32_1.5.0.202011040924/tools/bin/../lib/gcc/arm-none-eabi/7.3.1/../../../../arm-none-eabi/lib/thumb/v7e-m/fpv4-sp/hard\libc_nano.a(lib_a-init.o)
 .ARM.attributes
                0x00000000000008a5       0x34 c:/st/stm32cubeide_1.5.0/stm32cubeide/plugins/com.st.stm32cube.ide.mcu.externaltools.gnu-tools-for-stm32.7-2018-q2-update.win32_1.5.0.202011040924/tools/bin/../lib/gcc/arm-none-eabi/7.3.1/../../../../arm-none-eabi/lib/thumb/v7e-m/fpv4-sp/hard\libc_nano.a(lib_a-malloc.o)
 .ARM.attributes
                0x00000000000008d9       0x34 c:/st/stm32cubeide_1.5.0/stm32cubeide/plugins/com.st.stm32cube.ide.mcu.externaltools.gnu-tools-for-stm32.7-2018-q2-update.win32_1.5.0.202011040924/tools/bin/../lib/gcc/arm-none-eabi/7.3.1/../../../../arm-none-eabi/lib/thumb/v7e-m/fpv4-sp/hard\libc_nano.a(lib_a-memcpy-stub.o)
 .ARM.attributes
                0x000000000000090d       0x34 c:/st/stm32cubeide_1.5.0/stm32cubeide/plugins/com.st.stm32cube.ide.mcu.externaltools.gnu-tools-for-stm32.7-2018-q2-update.win32_1.5.0.202011040924/tools/bin/../lib/gcc/arm-none-eabi/7.3.1/../../../../arm-none-eabi/lib/thumb/v7e-m/fpv4-sp/hard\libc_nano.a(lib_a-memset.o)
 .ARM.attributes
                0x0000000000000941       0x34 c:/st/stm32cubeide_1.5.0/stm32cubeide/plugins/com.st.stm32cube.ide.mcu.externaltools.gnu-tools-for-stm32.7-2018-q2-update.win32_1.5.0.202011040924/tools/bin/../lib/gcc/arm-none-eabi/7.3.1/../../../../arm-none-eabi/lib/thumb/v7e-m/fpv4-sp/hard\libc_nano.a(lib_a-nano-freer.o)
 .ARM.attributes
                0x0000000000000975       0x34 c:/st/stm32cubeide_1.5.0/stm32cubeide/plugins/com.st.stm32cube.ide.mcu.externaltools.gnu-tools-for-stm32.7-2018-q2-update.win32_1.5.0.202011040924/tools/bin/../lib/gcc/arm-none-eabi/7.3.1/../../../../arm-none-eabi/lib/thumb/v7e-m/fpv4-sp/hard\libc_nano.a(lib_a-nano-mallocr.o)
 .ARM.attributes
                0x00000000000009a9       0x34 c:/st/stm32cubeide_1.5.0/stm32cubeide/plugins/com.st.stm32cube.ide.mcu.externaltools.gnu-tools-for-stm32.7-2018-q2-update.win32_1.5.0.202011040924/tools/bin/../lib/gcc/arm-none-eabi/7.3.1/../../../../arm-none-eabi/lib/thumb/v7e-m/fpv4-sp/hard\libc_nano.a(lib_a-sbrkr.o)
 .ARM.attributes
                0x00000000000009dd       0x34 c:/st/stm32cubeide_1.5.0/stm32cubeide/plugins/com.st.stm32cube.ide.mcu.externaltools.gnu-tools-for-stm32.7-2018-q2-update.win32_1.5.0.202011040924/tools/bin/../lib/gcc/arm-none-eabi/7.3.1/../../../../arm-none-eabi/lib/thumb/v7e-m/fpv4-sp/hard\libc_nano.a(lib_a-strcpy.o)
 .ARM.attributes
                0x0000000000000a11       0x1b c:/st/stm32cubeide_1.5.0/stm32cubeide/plugins/com.st.stm32cube.ide.mcu.externaltools.gnu-tools-for-stm32.7-2018-q2-update.win32_1.5.0.202011040924/tools/bin/../lib/gcc/arm-none-eabi/7.3.1/../../../../arm-none-eabi/lib/thumb/v7e-m/fpv4-sp/hard\libc_nano.a(lib_a-strlen.o)
 .ARM.attributes
                0x0000000000000a2c       0x34 c:/st/stm32cubeide_1.5.0/stm32cubeide/plugins/com.st.stm32cube.ide.mcu.externaltools.gnu-tools-for-stm32.7-2018-q2-update.win32_1.5.0.202011040924/tools/bin/../lib/gcc/arm-none-eabi/7.3.1/../../../../arm-none-eabi/lib/thumb/v7e-m/fpv4-sp/hard\libc_nano.a(lib_a-mlock.o)
 .ARM.attributes
                0x0000000000000a60       0x34 c:/st/stm32cubeide_1.5.0/stm32cubeide/plugins/com.st.stm32cube.ide.mcu.externaltools.gnu-tools-for-stm32.7-2018-q2-update.win32_1.5.0.202011040924/tools/bin/../lib/gcc/arm-none-eabi/7.3.1/../../../../arm-none-eabi/lib/thumb/v7e-m/fpv4-sp/hard\libc_nano.a(lib_a-reent.o)
 .ARM.attributes
                0x0000000000000a94       0x22 c:/st/stm32cubeide_1.5.0/stm32cubeide/plugins/com.st.stm32cube.ide.mcu.externaltools.gnu-tools-for-stm32.7-2018-q2-update.win32_1.5.0.202011040924/tools/bin/../lib/gcc/arm-none-eabi/7.3.1/thumb/v7e-m/fpv4-sp/hard\libgcc.a(_aeabi_uldivmod.o)
 .ARM.attributes
                0x0000000000000ab6       0x34 c:/st/stm32cubeide_1.5.0/stm32cubeide/plugins/com.st.stm32cube.ide.mcu.externaltools.gnu-tools-for-stm32.7-2018-q2-update.win32_1.5.0.202011040924/tools/bin/../lib/gcc/arm-none-eabi/7.3.1/thumb/v7e-m/fpv4-sp/hard\libgcc.a(_udivmoddi4.o)
 .ARM.attributes
                0x0000000000000aea       0x22 c:/st/stm32cubeide_1.5.0/stm32cubeide/plugins/com.st.stm32cube.ide.mcu.externaltools.gnu-tools-for-stm32.7-2018-q2-update.win32_1.5.0.202011040924/tools/bin/../lib/gcc/arm-none-eabi/7.3.1/thumb/v7e-m/fpv4-sp/hard\libgcc.a(_dvmd_tls.o)
 .ARM.attributes
                0x0000000000000b0c       0x22 c:/st/stm32cubeide_1.5.0/stm32cubeide/plugins/com.st.stm32cube.ide.mcu.externaltools.gnu-tools-for-stm32.7-2018-q2-update.win32_1.5.0.202011040924/tools/bin/../lib/gcc/arm-none-eabi/7.3.1/thumb/v7e-m/fpv4-sp/hard/crtn.o
OUTPUT(usb_fileHandling.elf elf32-littlearm)

.debug_info     0x0000000000000000    0x2c234
 .debug_info    0x0000000000000000     0x1201 Core/Src/jhd12864e.o
 .debug_info    0x0000000000001201     0x2791 Core/Src/main.o
 .debug_info    0x0000000000003992      0xa36 Core/Src/pca9698.o